Component: ARM Compiler 5.06 update 7 (build 960) Tool: armlink [4d3601]

==============================================================================

Section Cross References

    os_app_hooks.o(i.App_OS_ClrAllHooks) refers to cpu_a.o(.text) for CPU_SR_Save
    os_app_hooks.o(i.App_OS_ClrAllHooks) refers to os_var.o(.data) for OS_AppTaskCreateHookPtr
    os_app_hooks.o(i.App_OS_SetAllHooks) refers to cpu_a.o(.text) for CPU_SR_Save
    os_app_hooks.o(i.App_OS_SetAllHooks) refers to os_app_hooks.o(i.App_OS_TaskCreateHook) for App_OS_TaskCreateHook
    os_app_hooks.o(i.App_OS_SetAllHooks) refers to os_var.o(.data) for OS_AppTaskCreateHookPtr
    os_app_hooks.o(i.App_OS_SetAllHooks) refers to os_app_hooks.o(i.App_OS_TaskDelHook) for App_OS_TaskDelHook
    os_app_hooks.o(i.App_OS_SetAllHooks) refers to os_app_hooks.o(i.App_OS_TaskReturnHook) for App_OS_TaskReturnHook
    os_app_hooks.o(i.App_OS_SetAllHooks) refers to os_app_hooks.o(i.App_OS_IdleTaskHook) for App_OS_IdleTaskHook
    os_app_hooks.o(i.App_OS_SetAllHooks) refers to os_app_hooks.o(i.App_OS_StatTaskHook) for App_OS_StatTaskHook
    os_app_hooks.o(i.App_OS_SetAllHooks) refers to os_app_hooks.o(i.App_OS_TaskSwHook) for App_OS_TaskSwHook
    os_app_hooks.o(i.App_OS_SetAllHooks) refers to os_app_hooks.o(i.App_OS_TimeTickHook) for App_OS_TimeTickHook
    main.o(i.TaskStart) refers to cpu_core.o(i.CPU_Init) for CPU_Init
    main.o(i.TaskStart) refers to lib_mem.o(i.Mem_Init) for Mem_Init
    main.o(i.TaskStart) refers to lib_math.o(i.Math_Init) for Math_Init
    main.o(i.TaskStart) refers to led.o(i.LED_On) for LED_On
    main.o(i.TaskStart) refers to delay.o(i.MyDelayms) for MyDelayms
    main.o(i.TaskStart) refers to led.o(i.LED_Off) for LED_Off
    main.o(i.TaskStart) refers to cpu_a.o(.text) for CPU_SR_Save
    main.o(i.TaskStart) refers to os_task.o(i.OSTaskCreate) for OSTaskCreate
    main.o(i.TaskStart) refers to os_task.o(i.OSTaskSuspend) for OSTaskSuspend
    main.o(i.TaskStart) refers to os_core.o(i.OS_Sched0) for OS_Sched0
    main.o(i.TaskStart) refers to os_var.o(.data) for OSSchedLockNestingCtr
    main.o(i.TaskStart) refers to main.o(.bss) for TaskMonitorStk
    main.o(i.TaskStart) refers to task_init.o(i.TaskMonitor) for TaskMonitor
    main.o(i.TaskStart) refers to task_init.o(i.TaskIndicate) for TaskIndicate
    main.o(i.TaskStart) refers to task_handle.o(i.TaskHandle) for TaskHandle
    main.o(i.TaskStart) refers to task_init.o(i.TaskUSART) for TaskUSART
    main.o(i.TaskStart) refers to task_sensor.o(i.TaskSensor) for TaskSensor
    main.o(i.TaskStart) refers to task_list.o(i.TaskTodoList) for TaskTodoList
    main.o(i.main) refers to misc.o(i.NVIC_PriorityGroupConfig) for NVIC_PriorityGroupConfig
    main.o(i.main) refers to system_config.o(i.System_Init) for System_Init
    main.o(i.main) refers to delay.o(i.delay_init) for delay_init
    main.o(i.main) refers to os_core.o(i.OSInit) for OSInit
    main.o(i.main) refers to os_task.o(i.OSTaskCreate) for OSTaskCreate
    main.o(i.main) refers to os_core.o(i.OSStart) for OSStart
    main.o(i.main) refers to main.o(.bss) for TaskStartStk
    main.o(i.main) refers to main.o(i.TaskStart) for TaskStart
    stm32f4xx_it.o(i.CAN1_RX0_IRQHandler) refers to stm32f4xx_can.o(i.CAN_Receive) for CAN_Receive
    stm32f4xx_it.o(i.CAN1_RX0_IRQHandler) refers to memcpya.o(.text) for __aeabi_memcpy
    stm32f4xx_it.o(i.CAN1_RX0_IRQHandler) refers to vesc_can.o(i.ProcessVESCFrame) for ProcessVESCFrame
    stm32f4xx_it.o(i.CAN2_RX1_IRQHandler) refers to stm32f4xx_can.o(i.CAN_Receive) for CAN_Receive
    stm32f4xx_it.o(i.CAN2_RX1_IRQHandler) refers to memcpya.o(.text) for __aeabi_memcpy4
    stm32f4xx_it.o(i.CAN2_RX1_IRQHandler) refers to stm32f4xx_it.o(i.Get_RM3508_Distance) for Get_RM3508_Distance
    stm32f4xx_it.o(i.CAN2_RX1_IRQHandler) refers to stm32f4xx_it.o(i.Get_RM2006_Distance) for Get_RM2006_Distance
    stm32f4xx_it.o(i.CAN2_RX1_IRQHandler) refers to motor_control.o(.bss) for Motor1
    stm32f4xx_it.o(i.TIM5_IRQHandler) refers to stm32f4xx_tim.o(i.TIM_GetITStatus) for TIM_GetITStatus
    stm32f4xx_it.o(i.TIM5_IRQHandler) refers to stm32f4xx_tim.o(i.TIM_ClearITPendingBit) for TIM_ClearITPendingBit
    stm32f4xx_it.o(i.USART1_IRQHandler) refers to stm32f4xx_usart.o(i.USART_GetITStatus) for USART_GetITStatus
    stm32f4xx_it.o(i.USART1_IRQHandler) refers to stm32f4xx_usart.o(i.USART_ReceiveData) for USART_ReceiveData
    stm32f4xx_it.o(i.USART1_IRQHandler) refers to robotcom_basic.o(i.Get_Frame_COM) for Get_Frame_COM
    stm32f4xx_it.o(i.USART2_IRQHandler) refers to stm32f4xx_usart.o(i.USART_GetITStatus) for USART_GetITStatus
    stm32f4xx_it.o(i.USART2_IRQHandler) refers to stm32f4xx_usart.o(i.USART_ReceiveData) for USART_ReceiveData
    stm32f4xx_it.o(i.USART2_IRQHandler) refers to robotcom_basic.o(i.Get_Frame_COM) for Get_Frame_COM
    stm32f4xx_it.o(i.USART6_IRQHandler) refers to stm32f4xx_usart.o(i.USART_GetITStatus) for USART_GetITStatus
[...]
    DMA2_Stream5_IRQHandler                  0x080001ef   Thumb Code     0  startup_stm32f4xx.o(.text)
    DMA2_Stream6_IRQHandler                  0x080001ef   Thumb Code     0  startup_stm32f4xx.o(.text)
    DMA2_Stream7_IRQHandler                  0x080001ef   Thumb Code     0  startup_stm32f4xx.o(.text)
    ETH_IRQHandler                           0x080001ef   Thumb Code     0  startup_stm32f4xx.o(.text)
    ETH_WKUP_IRQHandler                      0x080001ef   Thumb Code     0  startup_stm32f4xx.o(.text)
    EXTI0_IRQHandler                         0x080001ef   Thumb Code     0  startup_stm32f4xx.o(.text)
    EXTI15_10_IRQHandler                     0x080001ef   Thumb Code     0  startup_stm32f4xx.o(.text)
    EXTI1_IRQHandler                         0x080001ef   Thumb Code     0  startup_stm32f4xx.o(.text)
    EXTI2_IRQHandler                         0x080001ef   Thumb Code     0  startup_stm32f4xx.o(.text)
    EXTI3_IRQHandler                         0x080001ef   Thumb Code     0  startup_stm32f4xx.o(.text)
    EXTI4_IRQHandler                         0x080001ef   Thumb Code     0  startup_stm32f4xx.o(.text)
    EXTI9_5_IRQHandler                       0x080001ef   Thumb Code     0  startup_stm32f4xx.o(.text)
    FLASH_IRQHandler                         0x080001ef   Thumb Code     0  startup_stm32f4xx.o(.text)
    FPU_IRQHandler                           0x080001ef   Thumb Code     0  startup_stm32f4xx.o(.text)
    FSMC_IRQHandler                          0x080001ef   Thumb Code     0  startup_stm32f4xx.o(.text)
    HASH_RNG_IRQHandler                      0x080001ef   Thumb Code     0  startup_stm32f4xx.o(.text)
    I2C1_ER_IRQHandler                       0x080001ef   Thumb Code     0  startup_stm32f4xx.o(.text)
    I2C1_EV_IRQHandler                       0x080001ef   Thumb Code     0  startup_stm32f4xx.o(.text)
    I2C2_ER_IRQHandler                       0x080001ef   Thumb Code     0  startup_stm32f4xx.o(.text)
    I2C2_EV_IRQHandler                       0x080001ef   Thumb Code     0  startup_stm32f4xx.o(.text)
    I2C3_ER_IRQHandler                       0x080001ef   Thumb Code     0  startup_stm32f4xx.o(.text)
    I2C3_EV_IRQHandler                       0x080001ef   Thumb Code     0  startup_stm32f4xx.o(.text)
    OTG_FS_IRQHandler                        0x080001ef   Thumb Code     0  startup_stm32f4xx.o(.text)
    OTG_FS_WKUP_IRQHandler                   0x080001ef   Thumb Code     0  startup_stm32f4xx.o(.text)
    OTG_HS_EP1_IN_IRQHandler                 0x080001ef   Thumb Code     0  startup_stm32f4xx.o(.text)
    OTG_HS_EP1_OUT_IRQHandler                0x080001ef   Thumb Code     0  startup_stm32f4xx.o(.text)
    OTG_HS_IRQHandler                        0x080001ef   Thumb Code     0  startup_stm32f4xx.o(.text)
    OTG_HS_WKUP_IRQHandler                   0x080001ef   Thumb Code     0  startup_stm32f4xx.o(.text)
    PVD_IRQHandler                           0x080001ef   Thumb Code     0  startup_stm32f4xx.o(.text)
    RCC_IRQHandler                           0x080001ef   Thumb Code     0  startup_stm32f4xx.o(.text)
    RTC_Alarm_IRQHandler                     0x080001ef   Thumb Code     0  startup_stm32f4xx.o(.text)
    RTC_WKUP_IRQHandler                      0x080001ef   Thumb Code     0  startup_stm32f4xx.o(.text)
    SDIO_IRQHandler                          0x080001ef   Thumb Code     0  startup_stm32f4xx.o(.text)
    SPI1_IRQHandler                          0x080001ef   Thumb Code     0  startup_stm32f4xx.o(.text)
    SPI2_IRQHandler                          0x080001ef   Thumb Code     0  startup_stm32f4xx.o(.text)
    SPI3_IRQHandler                          0x080001ef   Thumb Code     0  startup_stm32f4xx.o(.text)
    TAMP_STAMP_IRQHandler                    0x080001ef   Thumb Code     0  startup_stm32f4xx.o(.text)
    TIM1_BRK_TIM9_IRQHandler                 0x080001ef   Thumb Code     0  startup_stm32f4xx.o(.text)
    TIM1_CC_IRQHandler                       0x080001ef   Thumb Code     0  startup_stm32f4xx.o(.text)
    TIM1_TRG_COM_TIM11_IRQHandler            0x080001ef   Thumb Code     0  startup_stm32f4xx.o(.text)
    TIM1_UP_TIM10_IRQHandler                 0x080001ef   Thumb Code     0  startup_stm32f4xx.o(.text)
    TIM2_IRQHandler                          0x080001ef   Thumb Code     0  startup_stm32f4xx.o(.text)
    TIM3_IRQHandler                          0x080001ef   Thumb Code     0  startup_stm32f4xx.o(.text)
    TIM4_IRQHandler                          0x080001ef   Thumb Code     0  startup_stm32f4xx.o(.text)
    TIM6_DAC_IRQHandler                      0x080001ef   Thumb Code     0  startup_stm32f4xx.o(.text)
    TIM7_IRQHandler                          0x080001ef   Thumb Code     0  startup_stm32f4xx.o(.text)
    TIM8_BRK_TIM12_IRQHandler                0x080001ef   Thumb Code     0  startup_stm32f4xx.o(.text)
    TIM8_CC_IRQHandler                       0x080001ef   Thumb Code     0  startup_stm32f4xx.o(.text)
    TIM8_TRG_COM_TIM14_IRQHandler            0x080001ef   Thumb Code     0  startup_stm32f4xx.o(.text)
    TIM8_UP_TIM13_IRQHandler                 0x080001ef   Thumb Code     0  startup_stm32f4xx.o(.text)
    UART4_IRQHandler                         0x080001ef   Thumb Code     0  startup_stm32f4xx.o(.text)
    UART5_IRQHandler                         0x080001ef   Thumb Code     0  startup_stm32f4xx.o(.text)
    USART3_IRQHandler                        0x080001ef   Thumb Code     0  startup_stm32f4xx.o(.text)
    WWDG_IRQHandler                          0x080001ef   Thumb Code     0  startup_stm32f4xx.o(.text)
    __aeabi_memcpy                           0x080001f9   Thumb Code    36  memcpya.o(.text)
    __aeabi_memcpy4                          0x080001f9   Thumb Code     0  memcpya.o(.text)
    __aeabi_memcpy8                          0x080001f9   Thumb Code     0  memcpya.o(.text)
    __scatterload                            0x0800021d   Thumb Code    28  init.o(.text)
    __scatterload_rt2                        0x0800021d   Thumb Code     0  init.o(.text)
    __decompress                             0x08000241   Thumb Code     0  __dczerorl2.o(.text)
    __decompress1                            0x08000241   Thumb Code    86  __dczerorl2.o(.text)
    OSStartHighRdy                           0x08000299   Thumb Code     0  os_cpu_a.o(CODE)
    OSCtxSw                                  0x080002bb   Thumb Code     0  os_cpu_a.o(CODE)
    OSIntCtxSw                               0x080002c5   Thumb Code     0  os_cpu_a.o(CODE)
    PendSV_Handler                           0x080002cf   Thumb Code     0  os_cpu_a.o(CODE)
    BSP_CPU_ClkFreq                          0x08000341   Thumb Code    14  cpu_core.o(i.BSP_CPU_ClkFreq)
    BlueTooth_Get_4Claw                      0x0800034f   Thumb Code     2  robotcom_executelib.o(i.BlueTooth_Get_4Claw)
    BusFault_Handler                         0x08000351   Thumb Code     4  stm32f4xx_it.o(i.BusFault_Handler)
    CAN1_RX0_IRQHandler                      0x08000355   Thumb Code    80  stm32f4xx_it.o(i.CAN1_RX0_IRQHandler)
    CAN2_RX1_IRQHandler                      0x080003a9   Thumb Code  1994  stm32f4xx_it.o(i.CAN2_RX1_IRQHandler)
    CAN_DeInit                               0x08000b85   Thumb Code    50  stm32f4xx_can.o(i.CAN_DeInit)
    CAN_FilterInit                           0x08000bbd   Thumb Code   258  stm32f4xx_can.o(i.CAN_FilterInit)
    CAN_Hard_Init                            0x08000cc5   Thumb Code   324  can.o(i.CAN_Hard_Init)
    CAN_ITConfig                             0x08000e3d   Thumb Code    18  stm32f4xx_can.o(i.CAN_ITConfig)
    CAN_Init                                 0x08000e4f   Thumb Code   276  stm32f4xx_can.o(i.CAN_Init)
    CAN_Receive                              0x08000f63   Thumb Code   240  stm32f4xx_can.o(i.CAN_Receive)
    CAN_SlaveStartBank                       0x08001055   Thumb Code    48  stm32f4xx_can.o(i.CAN_SlaveStartBank)
    CAN_Transmit                             0x08001089   Thumb Code   294  stm32f4xx_can.o(i.CAN_Transmit)
    COM_Write                                0x080011b1   Thumb Code    58  usart.o(i.COM_Write)
    CPU_Init                                 0x080011f1   Thumb Code    12  cpu_core.o(i.CPU_Init)
    CPU_NameClr                              0x080011fd   Thumb Code    42  cpu_core.o(i.CPU_NameClr)
    CPU_TS_TmrFreqSet                        0x08001249   Thumb Code     6  cpu_core.o(i.CPU_TS_TmrFreqSet)
    CPU_TS_TmrInit                           0x08001255   Thumb Code    44  cpu_core.o(i.CPU_TS_TmrInit)
    CPU_TS_TmrRd                             0x08001289   Thumb Code     6  cpu_core.o(i.CPU_TS_TmrRd)
    ClassicPidRegulate                       0x08001295   Thumb Code   214  motor_control.o(i.ClassicPidRegulate)
    DMA_Init                                 0x0800136d   Thumb Code    82  stm32f4xx_dma.o(i.DMA_Init)
    DebugMon_Handler                         0x080013c5   Thumb Code     2  stm32f4xx_it.o(i.DebugMon_Handler)
    Find_Method_COM                          0x080013c7   Thumb Code    38  robotcom_basic.o(i.Find_Method_COM)
    GPIO_Init                                0x080013ed   Thumb Code   144  stm32f4xx_gpio.o(i.GPIO_Init)
    GPIO_PinAFConfig                         0x0800147d   Thumb Code    70  stm32f4xx_gpio.o(i.GPIO_PinAFConfig)
    GPIO_ResetBits                           0x080014c3   Thumb Code     4  stm32f4xx_gpio.o(i.GPIO_ResetBits)
    GPIO_SetBits                             0x080014c7   Thumb Code     4  stm32f4xx_gpio.o(i.GPIO_SetBits)
    GPIO_ToggleBits                          0x080014cb   Thumb Code     8  stm32f4xx_gpio.o(i.GPIO_ToggleBits)
    Get_Frame_COM                            0x080014d5   Thumb Code   194  robotcom_basic.o(i.Get_Frame_COM)
    Get_RM2006_Distance                      0x080015b1   Thumb Code    82  stm32f4xx_it.o(i.Get_RM2006_Distance)
    Get_RM3508_Distance                      0x08001611   Thumb Code    82  stm32f4xx_it.o(i.Get_RM3508_Distance)
    GlobeVariableInit                        0x0800166d   Thumb Code     2  myglobe.o(i.GlobeVariableInit)
    HardFault_Handler                        0x0800166f   Thumb Code     4  stm32f4xx_it.o(i.HardFault_Handler)
    IIC_Hard_Init                            0x08001675   Thumb Code    74  iic.o(i.IIC_Hard_Init)
    LED_Init                                 0x080016c5   Thumb Code    78  led.o(i.LED_Init)
    LED_InitAll                              0x08001721   Thumb Code    22  led.o(i.LED_InitAll)
    LED_Off                                  0x08001739   Thumb Code    22  led.o(i.LED_Off)
    LED_On                                   0x08001759   Thumb Code    22  led.o(i.LED_On)
    LED_Toggle                               0x08001779   Thumb Code    22  led.o(i.LED_Toggle)
    Math_Init                                0x08001799   Thumb Code    10  lib_math.o(i.Math_Init)
    Math_RandSetSeed                         0x080017a5   Thumb Code    40  lib_math.o(i.Math_RandSetSeed)
    MemManage_Handler                        0x080017d1   Thumb Code     4  stm32f4xx_it.o(i.MemManage_Handler)
    Mem_Clr                                  0x080017d5   Thumb Code    18  lib_mem.o(i.Mem_Clr)
    Mem_Init                                 0x080017e9   Thumb Code    54  lib_mem.o(i.Mem_Init)
    Mem_Set                                  0x08001831   Thumb Code    98  lib_mem.o(i.Mem_Set)
    MotorCurrentPidInit                      0x08001895   Thumb Code   466  motor_control.o(i.MotorCurrentPidInit)
    MotorPositionPidInit                     0x08001aa1   Thumb Code   872  motor_control.o(i.MotorPositionPidInit)
    MotorSpeedPidInit                        0x08001e75   Thumb Code   466  motor_control.o(i.MotorSpeedPidInit)
    MotorUpdate1                             0x08002089   Thumb Code   128  motor_control.o(i.MotorUpdate1)
    MyDelayms                                0x0800210d   Thumb Code    24  delay.o(i.MyDelayms)
    MyDelayus                                0x08002125   Thumb Code    22  delay.o(i.MyDelayus)
    NMI_Handler                              0x0800213b   Thumb Code     2  stm32f4xx_it.o(i.NMI_Handler)
    NVIC_Init                                0x0800213d   Thumb Code   106  misc.o(i.NVIC_Init)
    NVIC_PriorityGroupConfig                 0x080021b5   Thumb Code    10  misc.o(i.NVIC_PriorityGroupConfig)
    OSCfg_Init                               0x080021c9   Thumb Code     2  os_cfg_app.o(i.OSCfg_Init)
    OSIdleTaskHook                           0x080021cd   Thumb Code    16  os_cpu_c.o(i.OSIdleTaskHook)
    OSInit                                   0x080021e1   Thumb Code   270  os_core.o(i.OSInit)
    OSInitHook                               0x08002339   Thumb Code    28  os_cpu_c.o(i.OSInitHook)
    OSIntExit                                0x08002361   Thumb Code   188  os_core.o(i.OSIntExit)
    OSSched                                  0x0800243d   Thumb Code   130  os_core.o(i.OSSched)
    OSSchedLock                              0x080024dd   Thumb Code   100  os_core.o(i.OSSchedLock)
    OSSchedUnlock                            0x0800254d   Thumb Code   132  os_core.o(i.OSSchedUnlock)
    OSStart                                  0x080025dd   Thumb Code    78  os_core.o(i.OSStart)
    OSStatReset                              0x08002645   Thumb Code   264  os_stat.o(i.OSStatReset)
    OSStatTaskHook                           0x08002771   Thumb Code    16  os_cpu_c.o(i.OSStatTaskHook)
    OSTaskCreate                             0x08002785   Thumb Code   550  os_task.o(i.OSTaskCreate)
    OSTaskCreateHook                         0x080029cd   Thumb Code    20  os_cpu_c.o(i.OSTaskCreateHook)
    OSTaskDel                                0x080029e5   Thumb Code   424  os_task.o(i.OSTaskDel)
    OSTaskDelHook                            0x08002ba9   Thumb Code    20  os_cpu_c.o(i.OSTaskDelHook)
    OSTaskReturnHook                         0x08002bc1   Thumb Code    20  os_cpu_c.o(i.OSTaskReturnHook)
    OSTaskSemPend                            0x08002bd9   Thumb Code   520  os_task.o(i.OSTaskSemPend)
    OSTaskStkChk                             0x08002ded   Thumb Code   204  os_task.o(i.OSTaskStkChk)
    OSTaskStkInit                            0x08002ec1   Thumb Code   204  os_cpu_c.o(i.OSTaskStkInit)
    OSTaskSuspend                            0x08002f91   Thumb Code    78  os_task.o(i.OSTaskSuspend)
    OSTaskSwHook                             0x08002ff1   Thumb Code    86  os_cpu_c.o(i.OSTaskSwHook)
    OSTimeDly                                0x08003055   Thumb Code   266  os_time.o(i.OSTimeDly)
    OSTimeDlyHMSM                            0x0800316d   Thumb Code   480  os_time.o(i.OSTimeDlyHMSM)
    OSTimeTick                               0x0800335d   Thumb Code    54  os_time.o(i.OSTimeTick)
    OSTimeTickHook                           0x080033a1   Thumb Code    16  os_cpu_c.o(i.OSTimeTickHook)
    OS_Dbg_Init                              0x080033b5   Thumb Code   150  os_dbg.o(i.OS_Dbg_Init)
    OS_FlagInit                              0x08003569   Thumb Code    14  os_flag.o(i.OS_FlagInit)
    OS_FlagPost                              0x08003581   Thumb Code   552  os_flag.o(i.OS_FlagPost)
    OS_FlagTaskRdy                           0x080037b1   Thumb Code    86  os_flag.o(i.OS_FlagTaskRdy)
    OS_IdleTask                              0x08003809   Thumb Code    60  os_core.o(i.OS_IdleTask)
    OS_IdleTaskInit                          0x0800384d   Thumb Code    66  os_core.o(i.OS_IdleTaskInit)
    OS_IntQPost                              0x080038bd   Thumb Code   216  os_int.o(i.OS_IntQPost)
    OS_IntQRePost                            0x080039b9   Thumb Code   342  os_int.o(i.OS_IntQRePost)
    OS_IntQTask                              0x08003b45   Thumb Code   162  os_int.o(i.OS_IntQTask)
    OS_IntQTaskInit                          0x08003bf9   Thumb Code   206  os_int.o(i.OS_IntQTaskInit)
    OS_MemInit                               0x08003d21   Thumb Code    14  os_mem.o(i.OS_MemInit)
    OS_MsgPoolInit                           0x08003d39   Thumb Code   110  os_msg.o(i.OS_MsgPoolInit)
    OS_MsgQFreeAll                           0x08003db5   Thumb Code    62  os_msg.o(i.OS_MsgQFreeAll)
    OS_MsgQInit                              0x08003df9   Thumb Code    14  os_msg.o(i.OS_MsgQInit)
    OS_MsgQPut                               0x08003e09   Thumb Code   254  os_msg.o(i.OS_MsgQPut)
    OS_MutexInit                             0x08003f0d   Thumb Code    14  os_mutex.o(i.OS_MutexInit)
    OS_Pend                                  0x08003f25   Thumb Code    98  os_core.o(i.OS_Pend)
    OS_PendDataInit                          0x08003f8d   Thumb Code    38  os_core.o(i.OS_PendDataInit)
    OS_PendDbgNameAdd                        0x08003fb5   Thumb Code    66  os_core.o(i.OS_PendDbgNameAdd)
    OS_PendDbgNameRemove                     0x08004011   Thumb Code    30  os_core.o(i.OS_PendDbgNameRemove)
    OS_PendListInsertPrio                    0x08004035   Thumb Code   102  os_core.o(i.OS_PendListInsertPrio)
    OS_PendListRemove                        0x0800409b   Thumb Code    48  os_core.o(i.OS_PendListRemove)
    OS_PendListRemove1                       0x080040cb   Thumb Code    66  os_core.o(i.OS_PendListRemove1)
    OS_Post                                  0x0800410d   Thumb Code   192  os_core.o(i.OS_Post)
    OS_Post1                                 0x080041cd   Thumb Code    42  os_core.o(i.OS_Post1)
    OS_PrioGetHighest                        0x080041f9   Thumb Code    36  os_prio.o(i.OS_PrioGetHighest)
    OS_PrioInit                              0x08004221   Thumb Code    20  os_prio.o(i.OS_PrioInit)
    OS_PrioInsert                            0x08004239   Thumb Code    32  os_prio.o(i.OS_PrioInsert)
    OS_PrioRemove                            0x0800425d   Thumb Code    32  os_prio.o(i.OS_PrioRemove)
    OS_QInit                                 0x08004281   Thumb Code    14  os_q.o(i.OS_QInit)
    OS_QPost                                 0x08004299   Thumb Code   324  os_q.o(i.OS_QPost)
    OS_RdyListInit                           0x080043e5   Thumb Code    32  os_core.o(i.OS_RdyListInit)
    OS_RdyListInsert                         0x08004409   Thumb Code    40  os_core.o(i.OS_RdyListInsert)
    OS_RdyListInsertHead                     0x08004435   Thumb Code    58  os_core.o(i.OS_RdyListInsertHead)
    OS_RdyListInsertTail                     0x08004475   Thumb Code    56  os_core.o(i.OS_RdyListInsertTail)
    OS_RdyListRemove                         0x080044b1   Thumb Code    86  os_core.o(i.OS_RdyListRemove)
    OS_Sched0                                0x0800450d   Thumb Code    68  os_core.o(i.OS_Sched0)
    OS_SemInit                               0x08004561   Thumb Code    14  os_sem.o(i.OS_SemInit)
    OS_SemPost                               0x08004579   Thumb Code   350  os_sem.o(i.OS_SemPost)
    OS_StatTask                              0x080046dd   Thumb Code   790  os_stat.o(i.OS_StatTask)
    OS_StatTaskInit                          0x08004a39   Thumb Code   136  os_stat.o(i.OS_StatTaskInit)
    OS_TaskBlock                             0x08004b05   Thumb Code    56  os_core.o(i.OS_TaskBlock)
    OS_TaskDbgListAdd                        0x08004b3d   Thumb Code    42  os_task.o(i.OS_TaskDbgListAdd)
    OS_TaskDbgListRemove                     0x08004b6d   Thumb Code    64  os_task.o(i.OS_TaskDbgListRemove)
    OS_TaskInit                              0x08004bb1   Thumb Code    18  os_task.o(i.OS_TaskInit)
    OS_TaskInitTCB                           0x08004bd1   Thumb Code   186  os_task.o(i.OS_TaskInitTCB)
    OS_TaskQPost                             0x08004c99   Thumb Code   510  os_task.o(i.OS_TaskQPost)
    OS_TaskRdy                               0x08004ea5   Thumb Code    28  os_core.o(i.OS_TaskRdy)
    OS_TaskResume                            0x08004ec1   Thumb Code   314  os_task.o(i.OS_TaskResume)
    OS_TaskReturn                            0x08005001   Thumb Code    20  os_task.o(i.OS_TaskReturn)
    OS_TaskSemPost                           0x08005019   Thumb Code  1210  os_task.o(i.OS_TaskSemPost)
    OS_TaskSuspend                           0x080054dd   Thumb Code   328  os_task.o(i.OS_TaskSuspend)
    OS_TickListInit                          0x0800562d   Thumb Code    32  os_tick.o(i.OS_TickListInit)
    OS_TickListInsert                        0x08005655   Thumb Code   430  os_tick.o(i.OS_TickListInsert)
    OS_TickListRemove                        0x08005811   Thumb Code    56  os_tick.o(i.OS_TickListRemove)
    OS_TickListResetPeak                     0x08005849   Thumb Code    28  os_tick.o(i.OS_TickListResetPeak)
    OS_TickListUpdate                        0x0800586d   Thumb Code   480  os_tick.o(i.OS_TickListUpdate)
    OS_TickTask                              0x08005a65   Thumb Code    38  os_tick.o(i.OS_TickTask)
    OS_TickTaskInit                          0x08005a91   Thumb Code   128  os_tick.o(i.OS_TickTaskInit)
    OS_TmrInit                               0x08005b49   Thumb Code   206  os_tmr.o(i.OS_TmrInit)
    OS_TmrLink                               0x08005c71   Thumb Code   196  os_tmr.o(i.OS_TmrLink)
    OS_TmrResetPeak                          0x08005d41   Thumb Code    28  os_tmr.o(i.OS_TmrResetPeak)
    OS_TmrTask                               0x08005d65   Thumb Code   176  os_tmr.o(i.OS_TmrTask)
    OS_TmrUnlink                             0x08005e25   Thumb Code    72  os_tmr.o(i.OS_TmrUnlink)
    PidInit                                  0x08005e75   Thumb Code    16  motor_control.o(i.PidInit)
    ProcessVESCFrame                         0x08005e85   Thumb Code   310  vesc_can.o(i.ProcessVESCFrame)
    Process_Frame_COM                        0x08005fd1   Thumb Code    70  robotcom_basic.o(i.Process_Frame_COM)
    RCC_AHB1PeriphClockCmd                   0x08006031   Thumb Code    26  stm32f4xx_rcc.o(i.RCC_AHB1PeriphClockCmd)
    RCC_APB1PeriphClockCmd                   0x08006051   Thumb Code    26  stm32f4xx_rcc.o(i.RCC_APB1PeriphClockCmd)
    RCC_APB1PeriphResetCmd                   0x08006071   Thumb Code    26  stm32f4xx_rcc.o(i.RCC_APB1PeriphResetCmd)
    RCC_APB2PeriphClockCmd                   0x08006091   Thumb Code    26  stm32f4xx_rcc.o(i.RCC_APB2PeriphClockCmd)
    RCC_GetClocksFreq                        0x080060b1   Thumb Code   214  stm32f4xx_rcc.o(i.RCC_GetClocksFreq)
    SVC_Handler                              0x08006199   Thumb Code     2  stm32f4xx_it.o(i.SVC_Handler)
    SW_Init                                  0x0800619d   Thumb Code    60  switch.o(i.SW_Init)
    SW_InitAll                               0x080061e5   Thumb Code    16  switch.o(i.SW_InitAll)
    Send_Frame_COM                           0x080061f5   Thumb Code   126  robotcom_basic.o(i.Send_Frame_COM)
    SysTick_CLKSourceConfig                  0x08006361   Thumb Code    40  misc.o(i.SysTick_CLKSourceConfig)
    SysTick_Handler                          0x08006389   Thumb Code   156  os_cpu_c.o(i.SysTick_Handler)
    SystemInit                               0x08006431   Thumb Code    88  system_stm32f4xx.o(i.SystemInit)
    System_Init                              0x08006499   Thumb Code    70  system_config.o(i.System_Init)
    TIM2_PWM_Init                            0x080064e1   Thumb Code   150  led_ws2815b.o(i.TIM2_PWM_Init)
    TIM5_IRQHandler                          0x0800657d   Thumb Code    20  stm32f4xx_it.o(i.TIM5_IRQHandler)
    TIM_ARRPreloadConfig                     0x08006595   Thumb Code    24  stm32f4xx_tim.o(i.TIM_ARRPreloadConfig)
    TIM_ClearITPendingBit                    0x080065ad   Thumb Code     6  stm32f4xx_tim.o(i.TIM_ClearITPendingBit)
    TIM_Cmd                                  0x080065b3   Thumb Code    24  stm32f4xx_tim.o(i.TIM_Cmd)
    TIM_DMACmd                               0x080065cb   Thumb Code    18  stm32f4xx_tim.o(i.TIM_DMACmd)
    TIM_GetITStatus                          0x080065dd   Thumb Code    34  stm32f4xx_tim.o(i.TIM_GetITStatus)
    TIM_OC3Init                              0x08006601   Thumb Code   150  stm32f4xx_tim.o(i.TIM_OC3Init)
    TIM_OC3PreloadConfig                     0x080066a1   Thumb Code    18  stm32f4xx_tim.o(i.TIM_OC3PreloadConfig)
    TIM_TimeBaseInit                         0x080066b5   Thumb Code   104  stm32f4xx_tim.o(i.TIM_TimeBaseInit)
    TaskHandle                               0x08006739   Thumb Code  1638  task_handle.o(i.TaskHandle)
    TaskIndicate                             0x08006dd9   Thumb Code    84  task_init.o(i.TaskIndicate)
    TaskMonitor                              0x08006e2d   Thumb Code    42  task_init.o(i.TaskMonitor)
    TaskSensor                               0x08006e59   Thumb Code   224  task_sensor.o(i.TaskSensor)
    TaskStart                                0x08006f4d   Thumb Code   498  main.o(i.TaskStart)
    TaskTodoList                             0x080071e9   Thumb Code   152  task_list.o(i.TaskTodoList)
    TaskUSART                                0x08007289   Thumb Code    24  task_init.o(i.TaskUSART)
    Task_Over_Send                           0x080072a1   Thumb Code    12  robotcom_commandlib.o(i.Task_Over_Send)
    Test_Send                                0x080072bd   Thumb Code    34  robotcom_commandlib.o(i.Test_Send)
    UART_SendByte                            0x080072df   Thumb Code    44  robotcom_commandlib.o(i.UART_SendByte)
    UART_SendString                          0x0800730b   Thumb Code    28  robotcom_commandlib.o(i.UART_SendString)
    USART1_IRQHandler                        0x08007329   Thumb Code    36  stm32f4xx_it.o(i.USART1_IRQHandler)
    USART2_IRQHandler                        0x08007351   Thumb Code    36  stm32f4xx_it.o(i.USART2_IRQHandler)
    USART6_IRQHandler                        0x08007379   Thumb Code    40  stm32f4xx_it.o(i.USART6_IRQHandler)
    USART_ClearFlag                          0x080073a9   Thumb Code    18  stm32f4xx_usart.o(i.USART_ClearFlag)
    USART_Cmd                                0x080073bb   Thumb Code    24  stm32f4xx_usart.o(i.USART_Cmd)
    USART_GetFlagStatus                      0x080073d3   Thumb Code    26  stm32f4xx_usart.o(i.USART_GetFlagStatus)
    USART_GetITStatus                        0x080073ed   Thumb Code    84  stm32f4xx_usart.o(i.USART_GetITStatus)
    USART_Hard_Init                          0x08007441   Thumb Code   274  usart.o(i.USART_Hard_Init)
    USART_ITConfig                           0x08007585   Thumb Code    74  stm32f4xx_usart.o(i.USART_ITConfig)
    USART_Init                               0x080075d1   Thumb Code   204  stm32f4xx_usart.o(i.USART_Init)
    USART_OverSampling8Cmd                   0x080076a5   Thumb Code    22  stm32f4xx_usart.o(i.USART_OverSampling8Cmd)
    USART_ReceiveData                        0x080076bb   Thumb Code    10  stm32f4xx_usart.o(i.USART_ReceiveData)
    USART_SendData                           0x080076c5   Thumb Code     8  stm32f4xx_usart.o(i.USART_SendData)
    UsageFault_Handler                       0x080076cd   Thumb Code     4  stm32f4xx_it.o(i.UsageFault_Handler)
    Usart_SubMainEcho_4Claw                  0x080076d1   Thumb Code     8  robotcom_executelib.o(i.Usart_SubMainEcho_4Claw)
    Usart_SubMainLine_8Claw                  0x080076dd   Thumb Code    20  robotcom_executelib.o(i.Usart_SubMainLine_8Claw)
    Usart_SubMainPoint_8Claw                 0x080076f9   Thumb Code    20  robotcom_executelib.o(i.Usart_SubMainPoint_8Claw)
    Usart_Test                               0x08007711   Thumb Code    14  robotcom_executelib.o(i.Usart_Test)
    WS2812B_TIM_init                         0x0800772d   Thumb Code    98  led_ws2815b.o(i.WS2812B_TIM_init)
    __scatterload_copy                       0x0800779d   Thumb Code    14  handlers.o(i.__scatterload_copy)
    __scatterload_null                       0x080077ab   Thumb Code     2  handlers.o(i.__scatterload_null)
    __scatterload_zeroinit                   0x080077ad   Thumb Code    14  handlers.o(i.__scatterload_zeroinit)
    buffer_get_int32                         0x080077bb   Thumb Code    48  vesc_can.o(i.buffer_get_int32)
    delay_init                               0x080077ed   Thumb Code    70  delay.o(i.delay_init)
    globalTimInit                            0x08007841   Thumb Code    50  globaltime.o(i.globalTimInit)
    main                                     0x08007879   Thumb Code    86  main.o(i.main)
    LED_PIN                                  0x080078e8   Data           6  led.o(.constdata)
    LED_GPIO_CLK                             0x080078f0   Data          12  led.o(.constdata)
    USART_SOURCE                             0x080078fc   Data          12  usart.o(.constdata)
    USART_GPIO_PORT                          0x08007908   Data          12  usart.o(.constdata)
    USART_GPIO_CLK                           0x08007914   Data          12  usart.o(.constdata)
    USART_TX_PIN                             0x08007920   Data           6  usart.o(.constdata)
    USART_TX_PIN_SOURCE                      0x08007926   Data           6  usart.o(.constdata)
    USART_RX_PIN                             0x0800792c   Data           6  usart.o(.constdata)
    USART_RX_PIN_SOURCE                      0x08007932   Data           6  usart.o(.constdata)
    USART_IRQn                               0x08007938   Data           3  usart.o(.constdata)
    USART_AF                                 0x0800793b   Data           3  usart.o(.constdata)
    USART_BAUDRATE                           0x08007940   Data          12  usart.o(.constdata)
    USART_PERIPH_CLK                         0x0800794c   Data          12  usart.o(.constdata)
    DMA_PERIPH_CLK                           0x08007958   Data          12  usart.o(.constdata)
    USARTx_Tx_DMA_CHANNEL                    0x08007964   Data          12  usart.o(.constdata)
    USART_SENDBUFFER                         0x08007970   Data          12  usart.o(.constdata)
    USARTx_Rx_DMA_CHANNEL                    0x0800797c   Data          12  usart.o(.constdata)
    USART_RECVBUFFER                         0x08007988   Data          12  usart.o(.constdata)
    USART_TX_TCIF                            0x08007994   Data          12  usart.o(.constdata)
    USART_RX_TCIF                            0x080079a0   Data          12  usart.o(.constdata)
    CAN_SOURCE                               0x080079ac   Data           8  can.o(.constdata)
    CAN_CLK                                  0x080079b4   Data           8  can.o(.constdata)
    CAN_RX_PIN                               0x080079bc   Data           4  can.o(.constdata)
    CAN_TX_PIN                               0x080079c0   Data           4  can.o(.constdata)
    CAN_GPIO_PORT                            0x080079c4   Data           8  can.o(.constdata)
    CAN_GPIO_CLK                             0x080079cc   Data           8  can.o(.constdata)
    CAN_AF_PORT                              0x080079d4   Data           2  can.o(.constdata)
    CAN_RX_SOURCE                            0x080079d6   Data           4  can.o(.constdata)
    CAN_TX_SOURCE                            0x080079da   Data           4  can.o(.constdata)
    CAN_RX_IRQn                              0x080079de   Data           2  can.o(.constdata)
    CAN_FILTER_NUMBER                        0x080079e0   Data           2  can.o(.constdata)
    CAN_FILTER_FIFO                          0x080079e2   Data           4  can.o(.constdata)
    CAN_IT_FMP                               0x080079e8   Data           8  can.o(.constdata)
    CAN_PROTOCOL                             0x080079f0   Data           2  can.o(.constdata)
    SW_PIN                                   0x080079f2   Data           4  switch.o(.constdata)
    SW_GPIO_CLK                              0x080079f6   Data           4  switch.o(.constdata)
    OSCfg_IdleTaskStkBasePtr                 0x080079fc   Data           4  os_cfg_app.o(.constdata)
    OSCfg_IdleTaskStkLimit                   0x08007a00   Data           4  os_cfg_app.o(.constdata)
    OSCfg_IdleTaskStkSize                    0x08007a04   Data           4  os_cfg_app.o(.constdata)
    OSCfg_IdleTaskStkSizeRAM                 0x08007a08   Data           4  os_cfg_app.o(.constdata)
    OSCfg_IntQBasePtr                        0x08007a0c   Data           4  os_cfg_app.o(.constdata)
    OSCfg_IntQSize                           0x08007a10   Data           2  os_cfg_app.o(.constdata)
    OSCfg_IntQSizeRAM                        0x08007a14   Data           4  os_cfg_app.o(.constdata)
    OSCfg_IntQTaskStkBasePtr                 0x08007a18   Data           4  os_cfg_app.o(.constdata)
    OSCfg_IntQTaskStkLimit                   0x08007a1c   Data           4  os_cfg_app.o(.constdata)
    OSCfg_IntQTaskStkSize                    0x08007a20   Data           4  os_cfg_app.o(.constdata)
    OSCfg_IntQTaskStkSizeRAM                 0x08007a24   Data           4  os_cfg_app.o(.constdata)
    OSCfg_ISRStkBasePtr                      0x08007a28   Data           4  os_cfg_app.o(.constdata)
    OSCfg_ISRStkSize                         0x08007a2c   Data           4  os_cfg_app.o(.constdata)
    OSCfg_ISRStkSizeRAM                      0x08007a30   Data           4  os_cfg_app.o(.constdata)
    OSCfg_MsgPoolSize                        0x08007a34   Data           2  os_cfg_app.o(.constdata)
    OSCfg_MsgPoolSizeRAM                     0x08007a38   Data           4  os_cfg_app.o(.constdata)
    OSCfg_MsgPoolBasePtr                     0x08007a3c   Data           4  os_cfg_app.o(.constdata)
    OSCfg_StatTaskPrio                       0x08007a40   Data           1  os_cfg_app.o(.constdata)
    OSCfg_StatTaskRate_Hz                    0x08007a44   Data           4  os_cfg_app.o(.constdata)
    OSCfg_StatTaskStkBasePtr                 0x08007a48   Data           4  os_cfg_app.o(.constdata)
    OSCfg_StatTaskStkLimit                   0x08007a4c   Data           4  os_cfg_app.o(.constdata)
    OSCfg_StatTaskStkSize                    0x08007a50   Data           4  os_cfg_app.o(.constdata)
    OSCfg_StatTaskStkSizeRAM                 0x08007a54   Data           4  os_cfg_app.o(.constdata)
    OSCfg_StkSizeMin                         0x08007a58   Data           4  os_cfg_app.o(.constdata)
    OSCfg_TickRate_Hz                        0x08007a5c   Data           4  os_cfg_app.o(.constdata)
    OSCfg_TickTaskPrio                       0x08007a60   Data           1  os_cfg_app.o(.constdata)
    OSCfg_TickTaskStkBasePtr                 0x08007a64   Data           4  os_cfg_app.o(.constdata)
    OSCfg_TickTaskStkLimit                   0x08007a68   Data           4  os_cfg_app.o(.constdata)
    OSCfg_TickTaskStkSize                    0x08007a6c   Data           4  os_cfg_app.o(.constdata)
    OSCfg_TickTaskStkSizeRAM                 0x08007a70   Data           4  os_cfg_app.o(.constdata)
    OSCfg_TickWheelSize                      0x08007a74   Data           2  os_cfg_app.o(.constdata)
    OSCfg_TickWheelSizeRAM                   0x08007a78   Data           4  os_cfg_app.o(.constdata)
    OSCfg_TmrTaskPrio                        0x08007a7c   Data           1  os_cfg_app.o(.constdata)
    OSCfg_TmrTaskRate_Hz                     0x08007a80   Data           4  os_cfg_app.o(.constdata)
    OSCfg_TmrTaskStkBasePtr                  0x08007a84   Data           4  os_cfg_app.o(.constdata)
    OSCfg_TmrTaskStkLimit                    0x08007a88   Data           4  os_cfg_app.o(.constdata)
    OSCfg_TmrTaskStkSize                     0x08007a8c   Data           4  os_cfg_app.o(.constdata)
    OSCfg_TmrTaskStkSizeRAM                  0x08007a90   Data           4  os_cfg_app.o(.constdata)
    OSCfg_TmrWheelSize                       0x08007a94   Data           2  os_cfg_app.o(.constdata)
    OSCfg_TmrWheelSizeRAM                    0x08007a98   Data           4  os_cfg_app.o(.constdata)
    OSCfg_DataSizeRAM                        0x08007a9c   Data           4  os_cfg_app.o(.constdata)
    OSDbg_DbgEn                              0x08007aa0   Data           1  os_dbg.o(.constdata)
    OSDbg_ArgChkEn                           0x08007aa1   Data           1  os_dbg.o(.constdata)
    OSDbg_AppHooksEn                         0x08007aa2   Data           1  os_dbg.o(.constdata)
    OSDbg_EndiannessTest                     0x08007aa4   Data           4  os_dbg.o(.constdata)
    OSDbg_CalledFromISRChkEn                 0x08007aa8   Data           1  os_dbg.o(.constdata)
    OSDbg_FlagEn                             0x08007aa9   Data           1  os_dbg.o(.constdata)
    OSDbg_FlagGrp                            0x08007aac   Data          40  os_dbg.o(.constdata)
    OSDbg_FlagDelEn                          0x08007ad4   Data           1  os_dbg.o(.constdata)
    OSDbg_FlagModeClrEn                      0x08007ad5   Data           1  os_dbg.o(.constdata)
    OSDbg_FlagPendAbortEn                    0x08007ad6   Data           1  os_dbg.o(.constdata)
    OSDbg_FlagGrpSize                        0x08007ad8   Data           2  os_dbg.o(.constdata)
    OSDbg_FlagWidth                          0x08007ada   Data           2  os_dbg.o(.constdata)
    OSDbg_IntQ                               0x08007adc   Data           2  os_dbg.o(.constdata)
    OSDbg_ISRPostDeferredEn                  0x08007ade   Data           1  os_dbg.o(.constdata)
    OSDbg_Mem                                0x08007ae0   Data          32  os_dbg.o(.constdata)
    OSDbg_MemEn                              0x08007b00   Data           1  os_dbg.o(.constdata)
    OSDbg_MemSize                            0x08007b02   Data           2  os_dbg.o(.constdata)
    OSDbg_MsgEn                              0x08007b04   Data           1  os_dbg.o(.constdata)
    OSDbg_MsgSize                            0x08007b06   Data           2  os_dbg.o(.constdata)
    OSDbg_MsgPoolSize                        0x08007b08   Data           2  os_dbg.o(.constdata)
    OSDbg_MsgQSize                           0x08007b0a   Data           2  os_dbg.o(.constdata)
    OSDbg_Mutex                              0x08007b0c   Data          44  os_dbg.o(.constdata)
    OSDbg_MutexEn                            0x08007b38   Data           1  os_dbg.o(.constdata)
    OSDbg_MutexDelEn                         0x08007b39   Data           1  os_dbg.o(.constdata)
    OSDbg_MutexPendAbortEn                   0x08007b3a   Data           1  os_dbg.o(.constdata)
    OSDbg_MutexSize                          0x08007b3c   Data           2  os_dbg.o(.constdata)
    OSDbg_ObjTypeChkEn                       0x08007b3e   Data           1  os_dbg.o(.constdata)
    OSDbg_PendMultiEn                        0x08007b3f   Data           1  os_dbg.o(.constdata)
    OSDbg_PendDataSize                       0x08007b40   Data           2  os_dbg.o(.constdata)
    OSDbg_PendListSize                       0x08007b42   Data           2  os_dbg.o(.constdata)
    OSDbg_PendObjSize                        0x08007b44   Data           2  os_dbg.o(.constdata)
    OSDbg_PrioMax                            0x08007b46   Data           2  os_dbg.o(.constdata)
    OSDbg_PrioTblSize                        0x08007b48   Data           2  os_dbg.o(.constdata)
    OSDbg_PtrSize                            0x08007b4a   Data           2  os_dbg.o(.constdata)
    OSDbg_Q                                  0x08007b4c   Data          48  os_dbg.o(.constdata)
    OSDbg_QEn                                0x08007b7c   Data           1  os_dbg.o(.constdata)
    OSDbg_QDelEn                             0x08007b7d   Data           1  os_dbg.o(.constdata)
    OSDbg_QFlushEn                           0x08007b7e   Data           1  os_dbg.o(.constdata)
    OSDbg_QPendAbortEn                       0x08007b7f   Data           1  os_dbg.o(.constdata)
    OSDbg_QSize                              0x08007b80   Data           2  os_dbg.o(.constdata)
    OSDbg_SchedRoundRobinEn                  0x08007b82   Data           1  os_dbg.o(.constdata)
    OSDbg_Sem                                0x08007b84   Data          40  os_dbg.o(.constdata)
    OSDbg_SemEn                              0x08007bac   Data           1  os_dbg.o(.constdata)
    OSDbg_SemDelEn                           0x08007bad   Data           1  os_dbg.o(.constdata)
    OSDbg_SemPendAbortEn                     0x08007bae   Data           1  os_dbg.o(.constdata)
    OSDbg_SemSetEn                           0x08007baf   Data           1  os_dbg.o(.constdata)
    OSDbg_SemSize                            0x08007bb0   Data           2  os_dbg.o(.constdata)
    OSDbg_RdyList                            0x08007bb2   Data           2  os_dbg.o(.constdata)
    OSDbg_RdyListSize                        0x08007bb4   Data           4  os_dbg.o(.constdata)
    OSDbg_StkWidth                           0x08007bb8   Data           1  os_dbg.o(.constdata)
    OSDbg_StatTaskEn                         0x08007bb9   Data           1  os_dbg.o(.constdata)
    OSDbg_StatTaskStkChkEn                   0x08007bba   Data           1  os_dbg.o(.constdata)
    OSDbg_TaskChangePrioEn                   0x08007bbb   Data           1  os_dbg.o(.constdata)
    OSDbg_TaskDelEn                          0x08007bbc   Data           1  os_dbg.o(.constdata)
    OSDbg_TaskQEn                            0x08007bbd   Data           1  os_dbg.o(.constdata)
    OSDbg_TaskQPendAbortEn                   0x08007bbe   Data           1  os_dbg.o(.constdata)
    OSDbg_TaskProfileEn                      0x08007bbf   Data           1  os_dbg.o(.constdata)
    OSDbg_TaskRegTblSize                     0x08007bc0   Data           2  os_dbg.o(.constdata)
    OSDbg_TaskSemPendAbortEn                 0x08007bc2   Data           1  os_dbg.o(.constdata)
    OSDbg_TaskSuspendEn                      0x08007bc3   Data           1  os_dbg.o(.constdata)
    OSDbg_TCBSize                            0x08007bc4   Data           2  os_dbg.o(.constdata)
    OSDbg_TickSpokeSize                      0x08007bc6   Data           2  os_dbg.o(.constdata)
    OSDbg_TimeDlyHMSMEn                      0x08007bc8   Data           1  os_dbg.o(.constdata)
    OSDbg_TimeDlyResumeEn                    0x08007bc9   Data           1  os_dbg.o(.constdata)
    OSDbg_TLS_TblSize                        0x08007bca   Data           2  os_dbg.o(.constdata)
    OSDbg_Tmr                                0x08007bcc   Data          52  os_dbg.o(.constdata)
    OSDbg_TmrEn                              0x08007c00   Data           1  os_dbg.o(.constdata)
    OSDbg_TmrDelEn                           0x08007c01   Data           1  os_dbg.o(.constdata)
    OSDbg_TmrSize                            0x08007c02   Data           2  os_dbg.o(.constdata)
    OSDbg_TmrSpokeSize                       0x08007c04   Data           2  os_dbg.o(.constdata)
    OSDbg_VersionNbr                         0x08007c06   Data           2  os_dbg.o(.constdata)
    OSDbg_DataSize                           0x08007c08   Data           4  os_dbg.o(.constdata)
    g_My_USART1_Prop_Count                   0x08007c0c   Data           1  robotcom_proplist.o(.constdata)
    g_My_USART2_Prop_Count                   0x08007c0d   Data           1  robotcom_proplist.o(.constdata)
    g_My_USART4_Prop_Count                   0x08007c0e   Data           1  robotcom_proplist.o(.constdata)
    Region$$Table$$Base                      0x08007c10   Number         0  anon$$obj.o(Region$$Table)
    Region$$Table$$Limit                     0x08007c30   Number         0  anon$$obj.o(Region$$Table)
    t                                        0x20000000   Data           4  stm32f4xx_it.o(.data)
    MainControlRun                           0x20000008   Data           4  task_list.o(.data)
    AutoMoveList                             0x2000000c   Data          60  task_list.o(.data)
    AutoTaskList                             0x20000048   Data          17  task_list.o(.data)
    LED_GPIO_PORT                            0x2000005c   Data          12  led.o(.data)
    UART_PERIPH_CLOCK_CMD                    0x20000068   Data          12  usart.o(.data)
    UART_DMA_CLOCK_CMD                       0x20000074   Data          12  usart.o(.data)
    USARTx_TX_DMA_STREAM                     0x20000080   Data          12  usart.o(.data)
    USARTx_RX_DMA_STREAM                     0x2000008c   Data          12  usart.o(.data)
    __stdout                                 0x20000098   Data           4  usart.o(.data)
    SW_GPIO_PORT                             0x2000009c   Data           8  switch.o(.data)
    CPU_TS_TmrFreq_Hz                        0x200000a4   Data           4  cpu_core.o(.data)
    Math_RandSeedCur                         0x200000a8   Data           4  lib_math.o(.data)
    Mem_PoolTbl                              0x200000ac   Data           4  lib_mem.o(.data)
    OSPrioTbl                                0x200000b0   Data           8  os_prio.o(.data)
    OS_AppTaskCreateHookPtr                  0x200000b8   Data           4  os_var.o(.data)
    OS_AppTaskDelHookPtr                     0x200000bc   Data           4  os_var.o(.data)
    OS_AppTaskReturnHookPtr                  0x200000c0   Data           4  os_var.o(.data)
    OS_AppIdleTaskHookPtr                    0x200000c4   Data           4  os_var.o(.data)
    OS_AppStatTaskHookPtr                    0x200000c8   Data           4  os_var.o(.data)
    OS_AppTaskSwHookPtr                      0x200000cc   Data           4  os_var.o(.data)
    OS_AppTimeTickHookPtr                    0x200000d0   Data           4  os_var.o(.data)
    OSIdleTaskCtr                            0x200000d4   Data           4  os_var.o(.data)
    OSIntNestingCtr                          0x200000d8   Data           1  os_var.o(.data)
    OSRunning                                0x200000d9   Data           1  os_var.o(.data)
    OSIntQInPtr                              0x200000dc   Data           4  os_var.o(.data)
    OSIntQOutPtr                             0x200000e0   Data           4  os_var.o(.data)
    OSIntQNbrEntries                         0x200000e4   Data           2  os_var.o(.data)
    OSIntQNbrEntriesMax                      0x200000e6   Data           2  os_var.o(.data)
    OSIntQOvfCtr                             0x200000e8   Data           2  os_var.o(.data)
    OSIntQTaskTimeMax                        0x200000ec   Data           4  os_var.o(.data)
    OSFlagDbgListPtr                         0x200000f0   Data           4  os_var.o(.data)
    OSFlagQty                                0x200000f4   Data           2  os_var.o(.data)
    OSMemDbgListPtr                          0x200000f8   Data           4  os_var.o(.data)
    OSMemQty                                 0x200000fc   Data           2  os_var.o(.data)
    OSMutexDbgListPtr                        0x20000100   Data           4  os_var.o(.data)
    OSMutexQty                               0x20000104   Data           2  os_var.o(.data)
    OSPrioCur                                0x20000106   Data           1  os_var.o(.data)
    OSPrioHighRdy                            0x20000107   Data           1  os_var.o(.data)
    OSPrioSaved                              0x20000108   Data           1  os_var.o(.data)
    OSQDbgListPtr                            0x2000010c   Data           4  os_var.o(.data)
    OSQQty                                   0x20000110   Data           2  os_var.o(.data)
    OSSchedLockNestingCtr                    0x20000112   Data           1  os_var.o(.data)
    OSSemDbgListPtr                          0x20000114   Data           4  os_var.o(.data)
    OSSemQty                                 0x20000118   Data           2  os_var.o(.data)
    OSStatResetFlag                          0x2000011a   Data           1  os_var.o(.data)
    OSStatTaskCPUUsage                       0x2000011c   Data           2  os_var.o(.data)
    OSStatTaskCPUUsageMax                    0x2000011e   Data           2  os_var.o(.data)
    OSStatTaskCtr                            0x20000120   Data           4  os_var.o(.data)
    OSStatTaskCtrMax                         0x20000124   Data           4  os_var.o(.data)
    OSStatTaskCtrRun                         0x20000128   Data           4  os_var.o(.data)
    OSStatTaskRdy                            0x2000012c   Data           1  os_var.o(.data)
    OSStatTaskTimeMax                        0x20000130   Data           4  os_var.o(.data)
    OSTaskCtxSwCtr                           0x20000134   Data           4  os_var.o(.data)
    OSTaskDbgListPtr                         0x20000138   Data           4  os_var.o(.data)
    OSTaskQty                                0x2000013c   Data           2  os_var.o(.data)
    OSTaskRegNextAvailID                     0x2000013e   Data           1  os_var.o(.data)
    OSTickCtr                                0x20000140   Data           4  os_var.o(.data)
    OSTickTaskTimeMax                        0x20000144   Data           4  os_var.o(.data)
    OSTmrDbgListPtr                          0x20000148   Data           4  os_var.o(.data)
    OSTmrQty                                 0x2000014c   Data           2  os_var.o(.data)
    OSTmrTaskTimeMax                         0x20000150   Data           4  os_var.o(.data)
    OSTmrTickCtr                             0x20000154   Data           4  os_var.o(.data)
    OSTmrUpdateCnt                           0x20000158   Data           4  os_var.o(.data)
    OSTmrUpdateCtr                           0x2000015c   Data           4  os_var.o(.data)
    OSTCBCurPtr                              0x20000160   Data           4  os_var.o(.data)
    OSTCBHighRdyPtr                          0x20000164   Data           4  os_var.o(.data)
    OS_CPU_ExceptStkBase                     0x20000168   Data           4  os_cpu_c.o(.data)
    SystemCoreClock                          0x2000017c   Data           4  system_stm32f4xx.o(.data)
    AHBPrescTable                            0x20000180   Data          16  system_stm32f4xx.o(.data)
    g_My_USART1_COM_Rec_Status               0x20000190   Data           4  robotcom_basic.o(.data)
    g_My_USART2_COM_Rec_Status               0x20000194   Data           4  robotcom_basic.o(.data)
    g_My_USART4_COM_Rec_Status               0x20000198   Data           4  robotcom_basic.o(.data)
    Echo_MM                                  0x2000019c   Data           4  robotcom_executelib.o(.data)
    FrontLine                                0x200001a0   Data           2  robotcom_executelib.o(.data)
    BehindLine                               0x200001a2   Data           2  robotcom_executelib.o(.data)
    FrontCount                               0x200001a4   Data           1  robotcom_executelib.o(.data)
    BehindCount                              0x200001a5   Data           1  robotcom_executelib.o(.data)
    PointList                                0x200001a6   Data           4  robotcom_executelib.o(.data)
    g_My_USART1_Prop_Array                   0x200001ac   Data          24  robotcom_proplist.o(.data)
    g_My_USART2_Prop_Array                   0x200001c4   Data           8  robotcom_proplist.o(.data)
    g_My_USART4_Prop_Array                   0x200001cc   Data          16  robotcom_proplist.o(.data)
    ReceiveBuffer1                           0x2000871c   Data         255  usart.o(.bss)
    SendBuffer1                              0x2000881b   Data         255  usart.o(.bss)
    ReceiveBuffer2                           0x2000891a   Data         255  usart.o(.bss)
    SendBuffer2                              0x20008a19   Data         255  usart.o(.bss)
    ReceiveBuffer4                           0x20008b18   Data         255  usart.o(.bss)
    SendBuffer4                              0x20008c17   Data         255  usart.o(.bss)
    pixelBuffer                              0x20008d18   Data        3456  led_ws2815b.o(.bss)
    CPU_Name                                 0x20009a98   Data          16  cpu_core.o(.bss)
    Mem_PoolHeap                             0x20009aa8   Data          72  lib_mem.o(.bss)
    Mem_Heap                                 0x20009af0   Data       23552  lib_mem.o(.bss)
    OSCfg_IdleTaskStk                        0x2000f6f0   Data         512  os_cfg_app.o(.bss)
    OSCfg_IntQ                               0x2000f8f0   Data         320  os_cfg_app.o(.bss)
    OSCfg_IntQTaskStk                        0x2000fa30   Data         512  os_cfg_app.o(.bss)
    OSCfg_ISRStk                             0x2000fc30   Data        1024  os_cfg_app.o(.bss)
    OSCfg_MsgPool                            0x20010030   Data        1600  os_cfg_app.o(.bss)
    OSCfg_StatTaskStk                        0x20010670   Data         512  os_cfg_app.o(.bss)
    OSCfg_TickTaskStk                        0x20010870   Data         512  os_cfg_app.o(.bss)
    OSCfg_TickWheel                          0x20010a70   Data         128  os_cfg_app.o(.bss)
    OSCfg_TmrTaskStk                         0x20010af0   Data         512  os_cfg_app.o(.bss)
    OSCfg_TmrWheel                           0x20010cf0   Data         136  os_cfg_app.o(.bss)
    OSIdleTaskTCB                            0x20010d78   Data         192  os_var.o(.bss)
    OSIntQTaskTCB                            0x20010e38   Data         192  os_var.o(.bss)
    OSMsgPool                                0x20010ef8   Data          12  os_var.o(.bss)
    OSRdyList                                0x20010f04   Data         768  os_var.o(.bss)
    OSStatTaskTCB                            0x20011204   Data         192  os_var.o(.bss)
    OSTickTaskTCB                            0x200112c4   Data         192  os_var.o(.bss)
    OSTmrTaskTCB                             0x20011384   Data         192  os_var.o(.bss)
    g_My_USART1_COM_Rec                      0x20011444   Data         132  robotcom_basic.o(.bss)
    g_My_USART2_COM_Rec                      0x200114c8   Data         132  robotcom_basic.o(.bss)
    g_My_USART4_COM_Rec                      0x2001154c   Data         132  robotcom_basic.o(.bss)
    MotorPositionPid1                        0x200115d0   Data          28  motor_control.o(.bss)
    MotorSpeedPid1                           0x200115ec   Data          28  motor_control.o(.bss)
    MotorCurrentPid1                         0x20011608   Data          28  motor_control.o(.bss)
    MotorPositionPid2b                       0x20011624   Data          28  motor_control.o(.bss)
    MotorPositionPid2                        0x20011640   Data          28  motor_control.o(.bss)
    MotorPositionPid2r                       0x2001165c   Data          28  motor_control.o(.bss)
    MotorPositionPid2t                       0x20011678   Data          28  motor_control.o(.bss)
    MotorSpeedPid2                           0x20011694   Data          28  motor_control.o(.bss)
    MotorCurrentPid2                         0x200116b0   Data          28  motor_control.o(.bss)
    MotorPositionPid3                        0x200116cc   Data          28  motor_control.o(.bss)
    MotorPositionPid3r                       0x200116e8   Data          28  motor_control.o(.bss)
    MotorSpeedPid3                           0x20011704   Data          28  motor_control.o(.bss)
    MotorCurrentPid3                         0x20011720   Data          28  motor_control.o(.bss)
    MotorPositionPid4                        0x2001173c   Data          28  motor_control.o(.bss)
    MotorPositionPid4r                       0x20011758   Data          28  motor_control.o(.bss)
    MotorSpeedPid4                           0x20011774   Data          28  motor_control.o(.bss)
    MotorCurrentPid4                         0x20011790   Data          28  motor_control.o(.bss)
    MotorPositionPid5                        0x200117ac   Data          28  motor_control.o(.bss)
    MotorPositionPid5r                       0x200117c8   Data          28  motor_control.o(.bss)
    MotorSpeedPid5                           0x200117e4   Data          28  motor_control.o(.bss)
    MotorCurrentPid5                         0x20011800   Data          28  motor_control.o(.bss)
    MotorPositionPid6                        0x2001181c   Data          28  motor_control.o(.bss)
    MotorPositionPid6r                       0x20011838   Data          28  motor_control.o(.bss)
    MotorSpeedPid6                           0x20011854   Data          28  motor_control.o(.bss)
    MotorCurrentPid6                         0x20011870   Data          28  motor_control.o(.bss)
    MotorPositionPid7                        0x2001188c   Data          28  motor_control.o(.bss)
    MotorSpeedPid7                           0x200118a8   Data          28  motor_control.o(.bss)
    MotorCurrentPid7                         0x200118c4   Data          28  motor_control.o(.bss)
    MotorPositionPid8                        0x200118e0   Data          28  motor_control.o(.bss)
    MotorSpeedPid8                           0x200118fc   Data          28  motor_control.o(.bss)
    MotorCurrentPid8                         0x20011918   Data          28  motor_control.o(.bss)
    EC22_Motor                               0x20011934   Data          36  motor_control.o(.bss)
    Motor1                                   0x20011958   Data          36  motor_control.o(.bss)
    Motor2                                   0x2001197c   Data          36  motor_control.o(.bss)
    Motor3                                   0x200119a0   Data          36  motor_control.o(.bss)
    Motor4                                   0x200119c4   Data          36  motor_control.o(.bss)
    Motor5                                   0x200119e8   Data          36  motor_control.o(.bss)
    Motor6                                   0x20011a0c   Data          36  motor_control.o(.bss)
    Motor7                                   0x20011a30   Data          36  motor_control.o(.bss)
    Motor8                                   0x20011a54   Data          36  motor_control.o(.bss)
    motorring                                0x20011a78   Data          36  motor_control.o(.bss)
    frictionright                            0x20011a9c   Data          36  motor_control.o(.bss)
    frictionleft                             0x20011ac0   Data          36  motor_control.o(.bss)
    rotationmotor                            0x20011ae4   Data          36  motor_control.o(.bss)
    __initial_sp                             0x20015b08   Data           0  startup_stm32f4xx.o(STACK)



==============================================================================

Memory Map of the image

  Image Entry point : 0x08000189

  Load Region LR_IROM1 (Base: 0x08000000, Size: 0x00007e0c, Max: 0x00100000, ABSOLUTE, COMPRESSED[0x00007cb0])

    Execution Region ER_IROM1 (Exec base: 0x08000000, Load base: 0x08000000, Size: 0x00007c30, Max: 0x00100000, ABSOLUTE)

    Exec Addr    Load Addr    Size         Type   Attr      Idx    E Section Name        Object

    0x08000000   0x08000000   0x00000188   Data   RO         7781    RESET               startup_stm32f4xx.o
    0x08000188   0x08000188   0x00000000   Code   RO         8301  * .ARM.Collect$$$$00000000  mc_w.l(entry.o)
    0x08000188   0x08000188   0x00000004   Code   RO         8342    .ARM.Collect$$$$00000001  mc_w.l(entry2.o)
    0x0800018c   0x0800018c   0x00000004   Code   RO         8345    .ARM.Collect$$$$00000004  mc_w.l(entry5.o)
    0x08000190   0x08000190   0x00000000   Code   RO         8347    .ARM.Collect$$$$00000008  mc_w.l(entry7b.o)
    0x08000190   0x08000190   0x00000000   Code   RO         8349    .ARM.Collect$$$$0000000A  mc_w.l(entry8b.o)
    0x08000190   0x08000190   0x00000008   Code   RO         8350    .ARM.Collect$$$$0000000B  mc_w.l(entry9a.o)
    0x08000198   0x08000198   0x00000004   Code   RO         8357    .ARM.Collect$$$$0000000E  mc_w.l(entry12b.o)
    0x0800019c   0x0800019c   0x00000000   Code   RO         8352    .ARM.Collect$$$$0000000F  mc_w.l(entry10a.o)
    0x0800019c   0x0800019c   0x00000000   Code   RO         8354    .ARM.Collect$$$$00000011  mc_w.l(entry11a.o)
    0x0800019c   0x0800019c   0x00000004   Code   RO         8343    .ARM.Collect$$$$00002712  mc_w.l(entry2.o)
    0x080001a0   0x080001a0   0x00000034   Code   RO         1775    .text               cpu_a.o
    0x080001d4   0x080001d4   0x00000024   Code   RO         7782    .text               startup_stm32f4xx.o
    0x080001f8   0x080001f8   0x00000024   Code   RO         8304    .text               mc_w.l(memcpya.o)
    0x0800021c   0x0800021c   0x00000024   Code   RO         8378    .text               mc_w.l(init.o)
    0x08000240   0x08000240   0x00000056   Code   RO         8390    .text               mc_w.l(__dczerorl2.o)
    0x08000296   0x08000296   0x00000002   PAD
    0x08000298   0x08000298   0x000000a8   Code   RO         3495    CODE                os_cpu_a.o
    0x08000340   0x08000340   0x0000000e   Code   RO         1829    i.BSP_CPU_ClkFreq   cpu_core.o
    0x0800034e   0x0800034e   0x00000002   Code   RO         7892    i.BlueTooth_Get_4Claw  robotcom_executelib.o
    0x08000350   0x08000350   0x00000004   Code   RO          345    i.BusFault_Handler  stm32f4xx_it.o
    0x08000354   0x08000354   0x00000054   Code   RO          346    i.CAN1_RX0_IRQHandler  stm32f4xx_it.o
    0x080003a8   0x080003a8   0x000007dc   Code   RO          347    i.CAN2_RX1_IRQHandler  stm32f4xx_it.o
    0x08000b84   0x08000b84   0x00000038   Code   RO         3877    i.CAN_DeInit        stm32f4xx_can.o
    0x08000bbc   0x08000bbc   0x00000108   Code   RO         3879    i.CAN_FilterInit    stm32f4xx_can.o
    0x08000cc4   0x08000cc4   0x00000178   Code   RO          989    i.CAN_Hard_Init     can.o
    0x08000e3c   0x08000e3c   0x00000012   Code   RO         3885    i.CAN_ITConfig      stm32f4xx_can.o
    0x08000e4e   0x08000e4e   0x00000114   Code   RO         3886    i.CAN_Init          stm32f4xx_can.o
    0x08000f62   0x08000f62   0x000000f0   Code   RO         3889    i.CAN_Receive       stm32f4xx_can.o
    0x08001052   0x08001052   0x00000002   PAD
    0x08001054   0x08001054   0x00000034   Code   RO         3890    i.CAN_SlaveStartBank  stm32f4xx_can.o
    0x08001088   0x08001088   0x00000126   Code   RO         3894    i.CAN_Transmit      stm32f4xx_can.o
    0x080011ae   0x080011ae   0x00000002   PAD
    0x080011b0   0x080011b0   0x00000040   Code   RO          926    i.COM_Write         usart.o
    0x080011f0   0x080011f0   0x0000000c   Code   RO         1838    i.CPU_Init          cpu_core.o
    0x080011fc   0x080011fc   0x00000030   Code   RO         1839    i.CPU_NameClr       cpu_core.o
    0x0800122c   0x0800122c   0x00000008   Code   RO         1841    i.CPU_NameInit      cpu_core.o
    0x08001234   0x08001234   0x00000014   Code   RO         1845    i.CPU_TS_Init       cpu_core.o
    0x08001248   0x08001248   0x0000000c   Code   RO         1847    i.CPU_TS_TmrFreqSet  cpu_core.o
    0x08001254   0x08001254   0x00000034   Code   RO         1848    i.CPU_TS_TmrInit    cpu_core.o
    0x08001288   0x08001288   0x0000000c   Code   RO         1849    i.CPU_TS_TmrRd      cpu_core.o
    0x08001294   0x08001294   0x000000d6   Code   RO         7973    i.ClassicPidRegulate  motor_control.o
    0x0800136a   0x0800136a   0x00000002   PAD
    0x0800136c   0x0800136c   0x00000058   Code   RO         4612    i.DMA_Init          stm32f4xx_dma.o
    0x080013c4   0x080013c4   0x00000002   Code   RO          348    i.DebugMon_Handler  stm32f4xx_it.o
    0x080013c6   0x080013c6   0x00000026   Code   RO         7789    i.Find_Method_COM   robotcom_basic.o
    0x080013ec   0x080013ec   0x00000090   Code   RO         5130    i.GPIO_Init         stm32f4xx_gpio.o
    0x0800147c   0x0800147c   0x00000046   Code   RO         5131    i.GPIO_PinAFConfig  stm32f4xx_gpio.o
    0x080014c2   0x080014c2   0x00000004   Code   RO         5137    i.GPIO_ResetBits    stm32f4xx_gpio.o
    0x080014c6   0x080014c6   0x00000004   Code   RO         5138    i.GPIO_SetBits      stm32f4xx_gpio.o
    0x080014ca   0x080014ca   0x00000008   Code   RO         5140    i.GPIO_ToggleBits   stm32f4xx_gpio.o
    0x080014d2   0x080014d2   0x00000002   PAD
    0x080014d4   0x080014d4   0x000000dc   Code   RO         7790    i.Get_Frame_COM     robotcom_basic.o
    0x080015b0   0x080015b0   0x00000060   Code   RO          349    i.Get_RM2006_Distance  stm32f4xx_it.o
    0x08001610   0x08001610   0x0000005c   Code   RO          350    i.Get_RM3508_Distance  stm32f4xx_it.o
    0x0800166c   0x0800166c   0x00000002   Code   RO          728    i.GlobeVariableInit  myglobe.o
    0x0800166e   0x0800166e   0x00000004   Code   RO          351    i.HardFault_Handler  stm32f4xx_it.o
    0x08001672   0x08001672   0x00000002   PAD
    0x08001674   0x08001674   0x00000050   Code   RO         1600    i.IIC_Hard_Init     iic.o
    0x080016c4   0x080016c4   0x0000005c   Code   RO          871    i.LED_Init          led.o
    0x08001720   0x08001720   0x00000016   Code   RO          872    i.LED_InitAll       led.o
    0x08001736   0x08001736   0x00000002   PAD
    0x08001738   0x08001738   0x00000020   Code   RO          873    i.LED_Off           led.o
    0x08001758   0x08001758   0x00000020   Code   RO          874    i.LED_On            led.o
    0x08001778   0x08001778   0x00000020   Code   RO          875    i.LED_Toggle        led.o
    0x08001798   0x08001798   0x0000000a   Code   RO         2091    i.Math_Init         lib_math.o
    0x080017a2   0x080017a2   0x00000002   PAD
    0x080017a4   0x080017a4   0x0000002c   Code   RO         2094    i.Math_RandSetSeed  lib_math.o
    0x080017d0   0x080017d0   0x00000004   Code   RO          352    i.MemManage_Handler  stm32f4xx_it.o
    0x080017d4   0x080017d4   0x00000012   Code   RO         2127    i.Mem_Clr           lib_mem.o
    0x080017e6   0x080017e6   0x00000002   PAD
    0x080017e8   0x080017e8   0x00000048   Code   RO         2131    i.Mem_Init          lib_mem.o
    0x08001830   0x08001830   0x00000062   Code   RO         2144    i.Mem_Set           lib_mem.o
    0x08001892   0x08001892   0x00000002   PAD
    0x08001894   0x08001894   0x0000020c   Code   RO         7976    i.MotorCurrentPidInit  motor_control.o
    0x08001aa0   0x08001aa0   0x000003d4   Code   RO         7977    i.MotorPositionPidInit  motor_control.o
    0x08001e74   0x08001e74   0x00000214   Code   RO         7978    i.MotorSpeedPidInit  motor_control.o
    0x08002088   0x08002088   0x00000084   Code   RO         7980    i.MotorUpdate1      motor_control.o
    0x0800210c   0x0800210c   0x00000018   Code   RO          504    i.MyDelayms         delay.o
    0x08002124   0x08002124   0x00000016   Code   RO          505    i.MyDelayus         delay.o
    0x0800213a   0x0800213a   0x00000002   Code   RO          353    i.NMI_Handler       stm32f4xx_it.o
    0x0800213c   0x0800213c   0x00000078   Code   RO         3579    i.NVIC_Init         misc.o
    0x080021b4   0x080021b4   0x00000014   Code   RO         3580    i.NVIC_PriorityGroupConfig  misc.o
    0x080021c8   0x080021c8   0x00000002   Code   RO         2401    i.OSCfg_Init        os_cfg_app.o
    0x080021ca   0x080021ca   0x00000002   PAD
    0x080021cc   0x080021cc   0x00000014   Code   RO         3498    i.OSIdleTaskHook    os_cpu_c.o
    0x080021e0   0x080021e0   0x00000158   Code   RO         2421    i.OSInit            os_core.o
    0x08002338   0x08002338   0x00000028   Code   RO         3499    i.OSInitHook        os_cpu_c.o
    0x08002360   0x08002360   0x000000dc   Code   RO         2423    i.OSIntExit         os_core.o
    0x0800243c   0x0800243c   0x000000a0   Code   RO         2424    i.OSSched           os_core.o
    0x080024dc   0x080024dc   0x00000070   Code   RO         2425    i.OSSchedLock       os_core.o
    0x0800254c   0x0800254c   0x00000090   Code   RO         2426    i.OSSchedUnlock     os_core.o
    0x080025dc   0x080025dc   0x00000068   Code   RO         2427    i.OSStart           os_core.o
    0x08002644   0x08002644   0x0000012c   Code   RO         3109    i.OSStatReset       os_stat.o
    0x08002770   0x08002770   0x00000014   Code   RO         3500    i.OSStatTaskHook    os_cpu_c.o
    0x08002784   0x08002784   0x00000248   Code   RO         3140    i.OSTaskCreate      os_task.o
    0x080029cc   0x080029cc   0x00000018   Code   RO         3501    i.OSTaskCreateHook  os_cpu_c.o
    0x080029e4   0x080029e4   0x000001c4   Code   RO         3141    i.OSTaskDel         os_task.o
    0x08002ba8   0x08002ba8   0x00000018   Code   RO         3502    i.OSTaskDelHook     os_cpu_c.o
    0x08002bc0   0x08002bc0   0x00000018   Code   RO         3503    i.OSTaskReturnHook  os_cpu_c.o
    0x08002bd8   0x08002bd8   0x00000214   Code   RO         3150    i.OSTaskSemPend     os_task.o
    0x08002dec   0x08002dec   0x000000d4   Code   RO         3154    i.OSTaskStkChk      os_task.o
    0x08002ec0   0x08002ec0   0x000000d0   Code   RO         3504    i.OSTaskStkInit     os_cpu_c.o
    0x08002f90   0x08002f90   0x00000060   Code   RO         3155    i.OSTaskSuspend     os_task.o
    0x08002ff0   0x08002ff0   0x00000064   Code   RO         3505    i.OSTaskSwHook      os_cpu_c.o
    0x08003054   0x08003054   0x00000118   Code   RO         3349    i.OSTimeDly         os_time.o
    0x0800316c   0x0800316c   0x000001f0   Code   RO         3350    i.OSTimeDlyHMSM     os_time.o
    0x0800335c   0x0800335c   0x00000044   Code   RO         3354    i.OSTimeTick        os_time.o
    0x080033a0   0x080033a0   0x00000014   Code   RO         3506    i.OSTimeTickHook    os_cpu_c.o
    0x080033b4   0x080033b4   0x000001b4   Code   RO         2637    i.OS_Dbg_Init       os_dbg.o
    0x08003568   0x08003568   0x00000018   Code   RO         2662    i.OS_FlagInit       os_flag.o
    0x08003580   0x08003580   0x00000230   Code   RO         2663    i.OS_FlagPost       os_flag.o
    0x080037b0   0x080037b0   0x00000056   Code   RO         2664    i.OS_FlagTaskRdy    os_flag.o
    0x08003806   0x08003806   0x00000002   PAD
    0x08003808   0x08003808   0x00000044   Code   RO         2429    i.OS_IdleTask       os_core.o
    0x0800384c   0x0800384c   0x00000070   Code   RO         2430    i.OS_IdleTaskInit   os_core.o
    0x080038bc   0x080038bc   0x000000fc   Code   RO         2736    i.OS_IntQPost       os_int.o
    0x080039b8   0x080039b8   0x0000018c   Code   RO         2737    i.OS_IntQRePost     os_int.o
    0x08003b44   0x08003b44   0x000000b4   Code   RO         2738    i.OS_IntQTask       os_int.o
    0x08003bf8   0x08003bf8   0x00000128   Code   RO         2739    i.OS_IntQTaskInit   os_int.o
    0x08003d20   0x08003d20   0x00000018   Code   RO         2770    i.OS_MemInit        os_mem.o
    0x08003d38   0x08003d38   0x0000007c   Code   RO         2802    i.OS_MsgPoolInit    os_msg.o
    0x08003db4   0x08003db4   0x00000044   Code   RO         2803    i.OS_MsgQFreeAll    os_msg.o
    0x08003df8   0x08003df8   0x0000000e   Code   RO         2805    i.OS_MsgQInit       os_msg.o
    0x08003e06   0x08003e06   0x00000002   PAD
    0x08003e08   0x08003e08   0x00000104   Code   RO         2806    i.OS_MsgQPut        os_msg.o
    0x08003f0c   0x08003f0c   0x00000018   Code   RO         2846    i.OS_MutexInit      os_mutex.o
    0x08003f24   0x08003f24   0x00000068   Code   RO         2431    i.OS_Pend           os_core.o
    0x08003f8c   0x08003f8c   0x00000026   Code   RO         2434    i.OS_PendDataInit   os_core.o
    0x08003fb2   0x08003fb2   0x00000002   PAD
    0x08003fb4   0x08003fb4   0x0000005c   Code   RO         2435    i.OS_PendDbgNameAdd  os_core.o
    0x08004010   0x08004010   0x00000024   Code   RO         2436    i.OS_PendDbgNameRemove  os_core.o
    0x08004034   0x08004034   0x00000066   Code   RO         2440    i.OS_PendListInsertPrio  os_core.o
    0x0800409a   0x0800409a   0x00000030   Code   RO         2441    i.OS_PendListRemove  os_core.o
    0x080040ca   0x080040ca   0x00000042   Code   RO         2442    i.OS_PendListRemove1  os_core.o
    0x0800410c   0x0800410c   0x000000c0   Code   RO         2445    i.OS_Post           os_core.o
    0x080041cc   0x080041cc   0x0000002a   Code   RO         2446    i.OS_Post1          os_core.o
    0x080041f6   0x080041f6   0x00000002   PAD
    0x080041f8   0x080041f8   0x00000028   Code   RO         2928    i.OS_PrioGetHighest  os_prio.o
    0x08004220   0x08004220   0x00000018   Code   RO         2929    i.OS_PrioInit       os_prio.o
    0x08004238   0x08004238   0x00000024   Code   RO         2930    i.OS_PrioInsert     os_prio.o
    0x0800425c   0x0800425c   0x00000024   Code   RO         2931    i.OS_PrioRemove     os_prio.o
    0x08004280   0x08004280   0x00000018   Code   RO         2974    i.OS_QInit          os_q.o
    0x08004298   0x08004298   0x0000014c   Code   RO         2975    i.OS_QPost          os_q.o
    0x080043e4   0x080043e4   0x00000024   Code   RO         2447    i.OS_RdyListInit    os_core.o
    0x08004408   0x08004408   0x0000002c   Code   RO         2448    i.OS_RdyListInsert  os_core.o
    0x08004434   0x08004434   0x00000040   Code   RO         2449    i.OS_RdyListInsertHead  os_core.o
    0x08004474   0x08004474   0x0000003c   Code   RO         2450    i.OS_RdyListInsertTail  os_core.o
    0x080044b0   0x080044b0   0x0000005c   Code   RO         2452    i.OS_RdyListRemove  os_core.o
    0x0800450c   0x0800450c   0x00000054   Code   RO         2453    i.OS_Sched0         os_core.o
    0x08004560   0x08004560   0x00000018   Code   RO         3046    i.OS_SemInit        os_sem.o
    0x08004578   0x08004578   0x00000164   Code   RO         3047    i.OS_SemPost        os_sem.o
    0x080046dc   0x080046dc   0x0000035c   Code   RO         3111    i.OS_StatTask       os_stat.o
    0x08004a38   0x08004a38   0x000000cc   Code   RO         3112    i.OS_StatTaskInit   os_stat.o
    0x08004b04   0x08004b04   0x00000038   Code   RO         2454    i.OS_TaskBlock      os_core.o
    0x08004b3c   0x08004b3c   0x00000030   Code   RO         3156    i.OS_TaskDbgListAdd  os_task.o
    0x08004b6c   0x08004b6c   0x00000044   Code   RO         3157    i.OS_TaskDbgListRemove  os_task.o
    0x08004bb0   0x08004bb0   0x00000020   Code   RO         3158    i.OS_TaskInit       os_task.o
    0x08004bd0   0x08004bd0   0x000000c8   Code   RO         3159    i.OS_TaskInitTCB    os_task.o
    0x08004c98   0x08004c98   0x0000020c   Code   RO         3160    i.OS_TaskQPost      os_task.o
    0x08004ea4   0x08004ea4   0x0000001c   Code   RO         2455    i.OS_TaskRdy        os_core.o
    0x08004ec0   0x08004ec0   0x00000140   Code   RO         3161    i.OS_TaskResume     os_task.o
    0x08005000   0x08005000   0x00000018   Code   RO         3162    i.OS_TaskReturn     os_task.o
    0x08005018   0x08005018   0x000004c4   Code   RO         3163    i.OS_TaskSemPost    os_task.o
    0x080054dc   0x080054dc   0x00000150   Code   RO         3164    i.OS_TaskSuspend    os_task.o
    0x0800562c   0x0800562c   0x00000028   Code   RO         3301    i.OS_TickListInit   os_tick.o
    0x08005654   0x08005654   0x000001bc   Code   RO         3302    i.OS_TickListInsert  os_tick.o
    0x08005810   0x08005810   0x00000038   Code   RO         3303    i.OS_TickListRemove  os_tick.o
    0x08005848   0x08005848   0x00000024   Code   RO         3304    i.OS_TickListResetPeak  os_tick.o
    0x0800586c   0x0800586c   0x000001f8   Code   RO         3305    i.OS_TickListUpdate  os_tick.o
    0x08005a64   0x08005a64   0x0000002c   Code   RO         3306    i.OS_TickTask       os_tick.o
    0x08005a90   0x08005a90   0x000000b8   Code   RO         3307    i.OS_TickTaskInit   os_tick.o
    0x08005b48   0x08005b48   0x00000128   Code   RO         3400    i.OS_TmrInit        os_tmr.o
    0x08005c70   0x08005c70   0x000000d0   Code   RO         3401    i.OS_TmrLink        os_tmr.o
    0x08005d40   0x08005d40   0x00000024   Code   RO         3402    i.OS_TmrResetPeak   os_tmr.o
    0x08005d64   0x08005d64   0x000000c0   Code   RO         3403    i.OS_TmrTask        os_tmr.o
    0x08005e24   0x08005e24   0x00000050   Code   RO         3404    i.OS_TmrUnlink      os_tmr.o
    0x08005e74   0x08005e74   0x00000010   Code   RO         7982    i.PidInit           motor_control.o
    0x08005e84   0x08005e84   0x0000014c   Code   RO         1202    i.ProcessVESCFrame  vesc_can.o
    0x08005fd0   0x08005fd0   0x00000060   Code   RO         7791    i.Process_Frame_COM  robotcom_basic.o
    0x08006030   0x08006030   0x00000020   Code   RO         5780    i.RCC_AHB1PeriphClockCmd  stm32f4xx_rcc.o
    0x08006050   0x08006050   0x00000020   Code   RO         5789    i.RCC_APB1PeriphClockCmd  stm32f4xx_rcc.o
    0x08006070   0x08006070   0x00000020   Code   RO         5791    i.RCC_APB1PeriphResetCmd  stm32f4xx_rcc.o
    0x08006090   0x08006090   0x00000020   Code   RO         5792    i.RCC_APB2PeriphClockCmd  stm32f4xx_rcc.o
    0x080060b0   0x080060b0   0x000000e8   Code   RO         5801    i.RCC_GetClocksFreq  stm32f4xx_rcc.o
    0x08006198   0x08006198   0x00000002   Code   RO          354    i.SVC_Handler       stm32f4xx_it.o
    0x0800619a   0x0800619a   0x00000002   PAD
    0x0800619c   0x0800619c   0x00000048   Code   RO         1123    i.SW_Init           switch.o
    0x080061e4   0x080061e4   0x00000010   Code   RO         1124    i.SW_InitAll        switch.o
    0x080061f4   0x080061f4   0x0000007e   Code   RO         7792    i.Send_Frame_COM    robotcom_basic.o
    0x08006272   0x08006272   0x00000002   PAD
    0x08006274   0x08006274   0x000000ec   Code   RO         7741    i.SetSysClock       system_stm32f4xx.o
    0x08006360   0x08006360   0x00000028   Code   RO         3583    i.SysTick_CLKSourceConfig  misc.o
    0x08006388   0x08006388   0x000000a8   Code   RO         3508    i.SysTick_Handler   os_cpu_c.o
    0x08006430   0x08006430   0x00000068   Code   RO         7743    i.SystemInit        system_stm32f4xx.o
    0x08006498   0x08006498   0x00000046   Code   RO          477    i.System_Init       system_config.o
    0x080064de   0x080064de   0x00000002   PAD
    0x080064e0   0x080064e0   0x0000009c   Code   RO         1679    i.TIM2_PWM_Init     led_ws2815b.o
    0x0800657c   0x0800657c   0x00000018   Code   RO          355    i.TIM5_IRQHandler   stm32f4xx_it.o
    0x08006594   0x08006594   0x00000018   Code   RO         6918    i.TIM_ARRPreloadConfig  stm32f4xx_tim.o
    0x080065ac   0x080065ac   0x00000006   Code   RO         6925    i.TIM_ClearITPendingBit  stm32f4xx_tim.o
    0x080065b2   0x080065b2   0x00000018   Code   RO         6930    i.TIM_Cmd           stm32f4xx_tim.o
    0x080065ca   0x080065ca   0x00000012   Code   RO         6933    i.TIM_DMACmd        stm32f4xx_tim.o
    0x080065dc   0x080065dc   0x00000022   Code   RO         6951    i.TIM_GetITStatus   stm32f4xx_tim.o
    0x080065fe   0x080065fe   0x00000002   PAD
    0x08006600   0x08006600   0x000000a0   Code   RO         6969    i.TIM_OC3Init       stm32f4xx_tim.o
    0x080066a0   0x080066a0   0x00000012   Code   RO         6972    i.TIM_OC3PreloadConfig  stm32f4xx_tim.o
    0x080066b2   0x080066b2   0x00000002   PAD
    0x080066b4   0x080066b4   0x00000084   Code   RO         7002    i.TIM_TimeBaseInit  stm32f4xx_tim.o
    0x08006738   0x08006738   0x000006a0   Code   RO          647    i.TaskHandle        task_handle.o
    0x08006dd8   0x08006dd8   0x00000054   Code   RO          572    i.TaskIndicate      task_init.o
    0x08006e2c   0x08006e2c   0x0000002a   Code   RO          573    i.TaskMonitor       task_init.o
    0x08006e56   0x08006e56   0x00000002   PAD
    0x08006e58   0x08006e58   0x000000f4   Code   RO          674    i.TaskSensor        task_sensor.o
    0x08006f4c   0x08006f4c   0x0000029c   Code   RO          117    i.TaskStart         main.o
    0x080071e8   0x080071e8   0x000000a0   Code   RO          698    i.TaskTodoList      task_list.o
    0x08007288   0x08007288   0x00000018   Code   RO          574    i.TaskUSART         task_init.o
    0x080072a0   0x080072a0   0x0000001c   Code   RO         7842    i.Task_Over_Send    robotcom_commandlib.o
    0x080072bc   0x080072bc   0x00000022   Code   RO         7843    i.Test_Send         robotcom_commandlib.o
    0x080072de   0x080072de   0x0000002c   Code   RO         7844    i.UART_SendByte     robotcom_commandlib.o
    0x0800730a   0x0800730a   0x0000001c   Code   RO         7845    i.UART_SendString   robotcom_commandlib.o
    0x08007326   0x08007326   0x00000002   PAD
    0x08007328   0x08007328   0x00000028   Code   RO          356    i.USART1_IRQHandler  stm32f4xx_it.o
    0x08007350   0x08007350   0x00000028   Code   RO          357    i.USART2_IRQHandler  stm32f4xx_it.o
    0x08007378   0x08007378   0x00000030   Code   RO          358    i.USART6_IRQHandler  stm32f4xx_it.o
    0x080073a8   0x080073a8   0x00000012   Code   RO         7480    i.USART_ClearFlag   stm32f4xx_usart.o
    0x080073ba   0x080073ba   0x00000018   Code   RO         7484    i.USART_Cmd         stm32f4xx_usart.o
    0x080073d2   0x080073d2   0x0000001a   Code   RO         7487    i.USART_GetFlagStatus  stm32f4xx_usart.o
    0x080073ec   0x080073ec   0x00000054   Code   RO         7488    i.USART_GetITStatus  stm32f4xx_usart.o
    0x08007440   0x08007440   0x00000144   Code   RO          927    i.USART_Hard_Init   usart.o
    0x08007584   0x08007584   0x0000004a   Code   RO         7490    i.USART_ITConfig    stm32f4xx_usart.o
    0x080075ce   0x080075ce   0x00000002   PAD
    0x080075d0   0x080075d0   0x000000d4   Code   RO         7491    i.USART_Init        stm32f4xx_usart.o
    0x080076a4   0x080076a4   0x00000016   Code   RO         7497    i.USART_OverSampling8Cmd  stm32f4xx_usart.o
    0x080076ba   0x080076ba   0x0000000a   Code   RO         7498    i.USART_ReceiveData  stm32f4xx_usart.o
    0x080076c4   0x080076c4   0x00000008   Code   RO         7501    i.USART_SendData    stm32f4xx_usart.o
    0x080076cc   0x080076cc   0x00000004   Code   RO          359    i.UsageFault_Handler  stm32f4xx_it.o
    0x080076d0   0x080076d0   0x0000000c   Code   RO         7893    i.Usart_SubMainEcho_4Claw  robotcom_executelib.o
    0x080076dc   0x080076dc   0x0000001c   Code   RO         7894    i.Usart_SubMainLine_8Claw  robotcom_executelib.o
    0x080076f8   0x080076f8   0x00000018   Code   RO         7895    i.Usart_SubMainPoint_8Claw  robotcom_executelib.o
    0x08007710   0x08007710   0x0000001c   Code   RO         7896    i.Usart_Test        robotcom_executelib.o
    0x0800772c   0x0800772c   0x00000070   Code   RO         1680    i.WS2812B_TIM_init  led_ws2815b.o
    0x0800779c   0x0800779c   0x0000000e   Code   RO         8384    i.__scatterload_copy  mc_w.l(handlers.o)
    0x080077aa   0x080077aa   0x00000002   Code   RO         8385    i.__scatterload_null  mc_w.l(handlers.o)
    0x080077ac   0x080077ac   0x0000000e   Code   RO         8386    i.__scatterload_zeroinit  mc_w.l(handlers.o)
    0x080077ba   0x080077ba   0x00000030   Code   RO         1205    i.buffer_get_int32  vesc_can.o
    0x080077ea   0x080077ea   0x00000002   PAD
    0x080077ec   0x080077ec   0x00000054   Code   RO          506    i.delay_init        delay.o
    0x08007840   0x08007840   0x00000038   Code   RO          548    i.globalTimInit     globaltime.o
    0x08007878   0x08007878   0x00000070   Code   RO          119    i.main              main.o
    0x080078e8   0x080078e8   0x00000014   Data   RO          876    .constdata          led.o
    0x080078fc   0x080078fc   0x000000b0   Data   RO          932    .constdata          usart.o
    0x080079ac   0x080079ac   0x00000046   Data   RO          990    .constdata          can.o
    0x080079f2   0x080079f2   0x00000008   Data   RO         1125    .constdata          switch.o
    0x080079fa   0x080079fa   0x00000002   PAD
    0x080079fc   0x080079fc   0x000000a4   Data   RO         2403    .constdata          os_cfg_app.o
    0x08007aa0   0x08007aa0   0x0000016c   Data   RO         2638    .constdata          os_dbg.o
    0x08007c0c   0x08007c0c   0x00000003   Data   RO         7947    .constdata          robotcom_proplist.o
    0x08007c0f   0x08007c0f   0x00000001   PAD
    0x08007c10   0x08007c10   0x00000020   Data   RO         8382    Region$$Table       anon$$obj.o


    Execution Region RW_IRAM1 (Exec base: 0x20000000, Load base: 0x08007c30, Size: 0x00015b08, Max: 0x00020000, ABSOLUTE, COMPRESSED[0x00000080])

    Exec Addr    Load Addr    Size         Type   Attr      Idx    E Section Name        Object

    0x20000000   COMPRESSED   0x00000004   Data   RW          360    .data               stm32f4xx_it.o
    0x20000004   COMPRESSED   0x00000004   Data   RW          508    .data               delay.o
    0x20000008   COMPRESSED   0x00000051   Data   RW          699    .data               task_list.o
    0x20000059   COMPRESSED   0x00000003   PAD
    0x2000005c   COMPRESSED   0x0000000c   Data   RW          877    .data               led.o
    0x20000068   COMPRESSED   0x00000034   Data   RW          933    .data               usart.o
    0x2000009c   COMPRESSED   0x00000008   Data   RW         1126    .data               switch.o
    0x200000a4   COMPRESSED   0x00000004   Data   RW         1853    .data               cpu_core.o
    0x200000a8   COMPRESSED   0x00000004   Data   RW         2095    .data               lib_math.o
    0x200000ac   COMPRESSED   0x00000004   Data   RW         2146    .data               lib_mem.o
    0x200000b0   COMPRESSED   0x00000008   Data   RW         2932    .data               os_prio.o
    0x200000b8   COMPRESSED   0x000000b0   Data   RW         3482    .data               os_var.o
    0x20000168   COMPRESSED   0x00000004   Data   RW         3509    .data               os_cpu_c.o
    0x2000016c   COMPRESSED   0x00000010   Data   RW         5824    .data               stm32f4xx_rcc.o
    0x2000017c   COMPRESSED   0x00000014   Data   RW         7744    .data               system_stm32f4xx.o
    0x20000190   COMPRESSED   0x0000000c   Data   RW         7794    .data               robotcom_basic.o
    0x2000019c   COMPRESSED   0x0000000e   Data   RW         7897    .data               robotcom_executelib.o
    0x200001aa   COMPRESSED   0x00000002   PAD
    0x200001ac   COMPRESSED   0x00000030   Data   RW         7948    .data               robotcom_proplist.o
    0x200001dc        -       0x00008540   Zero   RW          120    .bss                main.o
    0x2000871c        -       0x000005fa   Zero   RW          931    .bss                usart.o
    0x20008d16   COMPRESSED   0x00000002   PAD
    0x20008d18        -       0x00000d80   Zero   RW         1692    .bss                led_ws2815b.o
    0x20009a98        -       0x00000010   Zero   RW         1851    .bss                cpu_core.o
    0x20009aa8        -       0x00005c48   Zero   RW         2145    .bss                lib_mem.o
    0x2000f6f0        -       0x00001688   Zero   RW         2402    .bss                os_cfg_app.o
    0x20010d78        -       0x000006cc   Zero   RW         3481    .bss                os_var.o
    0x20011444        -       0x0000018c   Zero   RW         7793    .bss                robotcom_basic.o
    0x200115d0        -       0x00000538   Zero   RW         7985    .bss                motor_control.o
    0x20011b08        -       0x00004000   Zero   RW         7779    STACK               startup_stm32f4xx.o


==============================================================================

Image component sizes


      Code (inc. data)   RO Data    RW Data    ZI Data      Debug   Object Name

       376         52         70          0          0       3316   can.o
        52          0          0          0          0        296   cpu_a.o
       178         32          0          4         16       6320   cpu_core.o
       130         14          0          4          0       1693   delay.o
        56          6          0          0          0        528   globaltime.o
        80          6          0          0          0        540   iic.o
       210         44         20         12          0       3870   led.o
       268         20          0          0       3456       1973   led_ws2815b.o
        54          4          0          4          0       1830   lib_math.o
       188         18          0          4      23624      13607   lib_mem.o
       780        196          0          0      34112     285420   main.o
       180         24          0          0          0       2181   misc.o
      2398        236          0          0       1336       8985   motor_control.o
         2          0          0          0          0        468   myglobe.o
         0          0          0          0          0      40894   os_app_hooks.o
         2          0        164          0       5768      20420   os_cfg_app.o
      2448        326          0          0          0      17721   os_core.o
       168         32          0          0          0        340   os_cpu_a.o
       648         66          0          4          0       6894   os_cpu_c.o
       436        286        364          0          0       4817   os_dbg.o
       670         26          0          0          0       3117   os_flag.o
      1124        198          0          0          0       3582   os_int.o
        24         10          0          0          0        889   os_mem.o
       466         26          0          0          0       3341   os_msg.o
        24         10          0          0          0        895   os_mutex.o
       136         16          0          8          0       2934   os_prio.o
       356         18          0          0          0       2210   os_q.o
       380         16          0          0          0       2234   os_sem.o
      1364        174          0          0          0       3238   os_stat.o
      4648        240          0          0          0      13009   os_task.o
      1308        124          0          0          0       5661   os_tick.o
       844         44          0          0          0       3109   os_time.o
       812        134          0          0          0       4296   os_tmr.o
         0          0          0        176       1740      18911   os_var.o
       480         58          0         12        396       5398   robotcom_basic.o
       134         16          0          0          0       4062   robotcom_commandlib.o
        94         30          0         14          0       3558   robotcom_executelib.o
         0          0          3         48          0       1016   robotcom_proplist.o
        36          8        392          0      16384        836   startup_stm32f4xx.o
      1200         16          0          0          0       5734   stm32f4xx_can.o
        88          6          0          0          0       1859   stm32f4xx_dma.o
       230          0          0          0          0       3597   stm32f4xx_gpio.o
      2458         94          0          4          0       8261   stm32f4xx_it.o
       360         42          0         16          0       5112   stm32f4xx_rcc.o
       416         38          0          0          0       5824   stm32f4xx_tim.o
       478          8          0          0          0       6896   stm32f4xx_usart.o
        88         12          8          8          0       1717   switch.o
        70          0          0          0          0        530   system_config.o
       340         32          0         20          0       1885   system_stm32f4xx.o
      1696        170          0          0          0       1061   task_handle.o
       150          0          0          0          0       1665   task_init.o
       160          8          0         81          0       2802   task_list.o
       244         20          0          0          0        701   task_sensor.o
       388         56        176         52       1530       8595   usart.o
       380         22          0          0          0       1742   vesc_can.o
         0          0          0          0          0       3888   zy_visualscope.o

    ----------------------------------------------------------------------
     30346       3034       1232        476      88364     566278   Object Totals
         0          0         32          0          0          0   (incl. Generated)
        46          0          3          5          2          0   (incl. Padding)

    ----------------------------------------------------------------------

      Code (inc. data)   RO Data    RW Data    ZI Data      Debug   Library Member Name

        86          0          0          0          0          0   __dczerorl2.o
         0          0          0          0          0          0   entry.o
         0          0          0          0          0          0   entry10a.o
         0          0          0          0          0          0   entry11a.o
         4          0          0          0          0          0   entry12b.o
         8          4          0          0          0          0   entry2.o
         4          0          0          0          0          0   entry5.o
         0          0          0          0          0          0   entry7b.o
         0          0          0          0          0          0   entry8b.o
         8          4          0          0          0          0   entry9a.o
        30          0          0          0          0          0   handlers.o
        36          8          0          0          0         68   init.o
        36          0          0          0          0         68   memcpya.o

    ----------------------------------------------------------------------
       214         16          0          0          0        136   Library Totals
         2          0          0          0          0          0   (incl. Padding)

    ----------------------------------------------------------------------

      Code (inc. data)   RO Data    RW Data    ZI Data      Debug   Library Name

       212         16          0          0          0        136   mc_w.l

    ----------------------------------------------------------------------
       214         16          0          0          0        136   Library Totals

    ----------------------------------------------------------------------

==============================================================================


      Code (inc. data)   RO Data    RW Data    ZI Data      Debug   

     30560       3050       1232        476      88364     546998   Grand Totals
     30560       3050       1232        128      88364     546998   ELF Image Totals (compressed)
     30560       3050       1232        128          0          0   ROM Totals

==============================================================================

    Total RO  Size (Code + RO Data)                31792 (  31.05kB)
    Total RW  Size (RW Data + ZI Data)             88840 (  86.76kB)
    Total ROM Size (Code + RO Data + RW Data)      31920 (  31.17kB)

==============================================================================

